Archive member included to satisfy reference by file (symbol)

app/libapp.a(main.c.obj)      (--whole-archive)
app/libapp.a(adc_drv.c.obj)   (--whole-archive)
zephyr/libzephyr.a(heap.c.obj)
                              (--whole-archive)
zephyr/libzephyr.a(cbprintf_packaged.c.obj)
                              (--whole-archive)
zephyr/libzephyr.a(printk.c.obj)
                              (--whole-archive)
zephyr/libzephyr.a(sem.c.obj)
                              (--whole-archive)
zephyr/libzephyr.a(thread_entry.c.obj)
                              (--whole-archive)
zephyr/libzephyr.a(cbprintf_complete.c.obj)
                              (--whole-archive)
zephyr/libzephyr.a(assert.c.obj)
                              (--whole-archive)
zephyr/libzephyr.a(mpsc_pbuf.c.obj)
                              (--whole-archive)
zephyr/libzephyr.a(dec.c.obj)
                              (--whole-archive)
zephyr/libzephyr.a(hex.c.obj)
                              (--whole-archive)
zephyr/libzephyr.a(rb.c.obj)  (--whole-archive)
zephyr/libzephyr.a(timeutil.c.obj)
                              (--whole-archive)
zephyr/libzephyr.a(bitarray.c.obj)
                              (--whole-archive)
zephyr/libzephyr.a(onoff.c.obj)
                              (--whole-archive)
zephyr/libzephyr.a(notify.c.obj)
                              (--whole-archive)
zephyr/libzephyr.a(last_section_id.c.obj)
                              (--whole-archive)
zephyr/libzephyr.a(configs.c.obj)
                              (--whole-archive)
zephyr/libzephyr.a(log_core.c.obj)
                              (--whole-archive)
zephyr/libzephyr.a(log_mgmt.c.obj)
                              (--whole-archive)
zephyr/libzephyr.a(log_cache.c.obj)
                              (--whole-archive)
zephyr/libzephyr.a(log_msg.c.obj)
                              (--whole-archive)
zephyr/libzephyr.a(log_output.c.obj)
                              (--whole-archive)
zephyr/libzephyr.a(log_backend_uart.c.obj)
                              (--whole-archive)
zephyr/libzephyr.a(mem_attr.c.obj)
                              (--whole-archive)
zephyr/libzephyr.a(tracing_none.c.obj)
                              (--whole-archive)
zephyr/libzephyr.a(banner.c.obj)
                              (--whole-archive)
zephyr/libzephyr.a(flash_map_partition_manager.c.obj)
                              (--whole-archive)
zephyr/libzephyr.a(nrf_cc3xx_platform_abort_zephyr.c.obj)
                              (--whole-archive)
zephyr/libzephyr.a(nrf_cc3xx_platform_mutex_zephyr.c.obj)
                              (--whole-archive)
zephyr/arch/common/libarch__common.a(sw_isr_common.c.obj)
                              (--whole-archive)
zephyr/arch/arch/arm/core/libarch__arm__core.a(fatal.c.obj)
                              (--whole-archive)
zephyr/arch/arch/arm/core/libarch__arm__core.a(nmi.c.obj)
                              (--whole-archive)
zephyr/arch/arch/arm/core/libarch__arm__core.a(nmi_on_reset.S.obj)
                              (--whole-archive)
zephyr/arch/arch/arm/core/libarch__arm__core.a(tls.c.obj)
                              (--whole-archive)
zephyr/arch/arch/arm/core/cortex_m/libarch__arm__core__cortex_m.a(exc_exit.c.obj)
                              (--whole-archive)
zephyr/arch/arch/arm/core/cortex_m/libarch__arm__core__cortex_m.a(fault.c.obj)
                              (--whole-archive)
zephyr/arch/arch/arm/core/cortex_m/libarch__arm__core__cortex_m.a(fault_s.S.obj)
                              (--whole-archive)
zephyr/arch/arch/arm/core/cortex_m/libarch__arm__core__cortex_m.a(fpu.c.obj)
                              (--whole-archive)
zephyr/arch/arch/arm/core/cortex_m/libarch__arm__core__cortex_m.a(reset.S.obj)
                              (--whole-archive)
zephyr/arch/arch/arm/core/cortex_m/libarch__arm__core__cortex_m.a(scb.c.obj)
                              (--whole-archive)
zephyr/arch/arch/arm/core/cortex_m/libarch__arm__core__cortex_m.a(thread_abort.c.obj)
                              (--whole-archive)
zephyr/arch/arch/arm/core/cortex_m/libarch__arm__core__cortex_m.a(vector_table.S.obj)
                              (--whole-archive)
zephyr/arch/arch/arm/core/cortex_m/libarch__arm__core__cortex_m.a(swap_helper.S.obj)
                              (--whole-archive)
zephyr/arch/arch/arm/core/cortex_m/libarch__arm__core__cortex_m.a(irq_manage.c.obj)
                              (--whole-archive)
zephyr/arch/arch/arm/core/cortex_m/libarch__arm__core__cortex_m.a(prep_c.c.obj)
                              (--whole-archive)
zephyr/arch/arch/arm/core/cortex_m/libarch__arm__core__cortex_m.a(thread.c.obj)
                              (--whole-archive)
zephyr/arch/arch/arm/core/cortex_m/libarch__arm__core__cortex_m.a(cpu_idle.c.obj)
                              (--whole-archive)
zephyr/arch/arch/arm/core/cortex_m/libarch__arm__core__cortex_m.a(irq_init.c.obj)
                              (--whole-archive)
[...]
Memory Configuration

Name             Origin             Length             Attributes
FLASH            0x0000000000000000 0x0000000000100000 xr
RAM              0x0000000020000000 0x0000000000070000 xw
IDT_LIST         0x00000000ffff7fff 0x0000000000008000 xw
*default*        0x0000000000000000 0xffffffffffffffff

Linker script and memory map

                0x0000000000006d74                vfprintf = __l_vfprintf
                0x0000000000000000                vfscanf = __l_vfscanf
LOAD zephyr/CMakeFiles/zephyr_pre0.dir/misc/empty_file.c.obj
LOAD zephyr/CMakeFiles/offsets.dir/./arch/arm/core/offsets/offsets.c.obj
LOAD app/libapp.a
LOAD zephyr/libzephyr.a
LOAD zephyr/arch/common/libarch__common.a
LOAD zephyr/arch/arch/arm/core/libarch__arm__core.a
LOAD zephyr/arch/arch/arm/core/cortex_m/libarch__arm__core__cortex_m.a
LOAD zephyr/arch/arch/arm/core/cortex_m/cmse/libarch__arm__core__cortex_m__cmse.a
LOAD zephyr/arch/arch/arm/core/mpu/libarch__arm__core__mpu.a
LOAD zephyr/lib/libc/picolibc/liblib__libc__picolibc.a
LOAD zephyr/lib/libc/common/liblib__libc__common.a
LOAD zephyr/soc/soc/nrf5340/libsoc__nordic.a
LOAD zephyr/drivers/adc/libdrivers__adc.a
LOAD zephyr/drivers/clock_control/libdrivers__clock_control.a
LOAD zephyr/drivers/console/libdrivers__console.a
LOAD zephyr/drivers/gpio/libdrivers__gpio.a
LOAD zephyr/drivers/pinctrl/libdrivers__pinctrl.a
LOAD zephyr/drivers/serial/libdrivers__serial.a
LOAD zephyr/drivers/timer/libdrivers__timer.a
LOAD modules/nrf/drivers/hw_cc3xx/lib..__nrf__drivers__hw_cc3xx.a
LOAD modules/hal_nordic/modules/hal_nordic/nrfx/libmodules__hal_nordic__nrfx.a
LOAD zephyr/kernel/libkernel.a
LOAD zephyr/arch/common/libisr_tables.a
LOAD C:/ncs/v3.0.1/nrfxlib/crypto/nrf_cc312_platform/lib/cortex-m33/soft-float/no-interrupts/libnrf_cc312_platform_0.9.19.a
LOAD c:\ncs\toolchains\0b393f9e1b\opt\zephyr-sdk\arm-zephyr-eabi\bin\../lib/gcc/../../picolibc/arm-zephyr-eabi/lib/thumb/v8-m.main/nofp\libc.a
LOAD c:/ncs/toolchains/0b393f9e1b/opt/zephyr-sdk/arm-zephyr-eabi/bin/../lib/gcc/arm-zephyr-eabi/12.2.0/thumb/v8-m.main/nofp\libgcc.a
                0x0000000000000020                _region_min_align = 0x20

.rel.plt        0x0000000000000000        0x0
 *(SORT_BY_ALIGNMENT(.rel.plt))
                [!provide]                        PROVIDE (__rel_iplt_start = .)
 *(SORT_BY_ALIGNMENT(.rel.iplt))
 .rel.iplt      0x0000000000000000        0x0 app/libapp.a(main.c.obj)
                [!provide]                        PROVIDE (__rel_iplt_end = .)

.rela.plt       0x0000000000000000        0x0
 *(SORT_BY_ALIGNMENT(.rela.plt))
                [!provide]                        PROVIDE (__rela_iplt_start = .)
 *(SORT_BY_ALIGNMENT(.rela.iplt))
                [!provide]                        PROVIDE (__rela_iplt_end = .)

.rel.dyn
 *(SORT_BY_ALIGNMENT(.rel.*))

.rela.dyn
 *(SORT_BY_ALIGNMENT(.rela.*))

/DISCARD/
 *(SORT_BY_ALIGNMENT(.plt))

/DISCARD/
 *(SORT_BY_ALIGNMENT(.iplt))
                0x0000000000000000                __rom_region_start = 0x0

rom_start       0x0000000000000000      0x154
                0x0000000000000000                __rom_start_address = .
 FILL mask 0x00
                0x0000000000000000                . = (. + (0x0 - (. - __rom_start_address)))
                0x0000000000000000                . = ALIGN (0x4)
                0x0000000000000000                . = ALIGN (0x80)
                0x0000000000000000                . = ALIGN (0x200)
                0x0000000000000000                _vector_start = .
 *(SORT_BY_ALIGNMENT(.exc_vector_table))
 *(SORT_BY_ALIGNMENT(.exc_vector_table.*))
 .exc_vector_table._vector_table_section
                0x0000000000000000       0x40 zephyr/arch/arch/arm/core/cortex_m/libarch__arm__core__cortex_m.a(vector_table.S.obj)
                0x0000000000000000                _vector_table
 *(SORT_BY_ALIGNMENT(.vectors))
                0x0000000000000154                _vector_end = .
                0x0000000000000040                . = ALIGN (0x4)
 *(SORT_BY_ALIGNMENT(.gnu.linkonce.irq_vector_table*))
 .gnu.linkonce.irq_vector_table
                0x0000000000000040      0x114 zephyr/arch/common/libisr_tables.a(isr_tables.c.obj)
                0x0000000000000040                _irq_vector_table
                0x0000000000000154                _vector_end = .

text            0x0000000000000158     0x898c
                0x0000000000000158                __text_region_start = .
 *(SORT_BY_ALIGNMENT(.text))
 .text          0x0000000000000158      0x378 c:/ncs/toolchains/0b393f9e1b/opt/zephyr-sdk/arm-zephyr-eabi/bin/../lib/gcc/arm-zephyr-eabi/12.2.0/thumb/v8-m.main/nofp\libgcc.a(_arm_addsubdf3.o)
                0x0000000000000158                __aeabi_drsub
                0x0000000000000160                __aeabi_dsub
                0x0000000000000160                __subdf3
                0x0000000000000164                __aeabi_dadd
                0x0000000000000164                __adddf3
                0x00000000000003dc                __floatunsidf
                0x00000000000003dc                __aeabi_ui2d
                0x00000000000003fc                __floatsidf
                0x00000000000003fc                __aeabi_i2d
                0x0000000000000420                __aeabi_f2d
                0x0000000000000420                __extendsfdf2
                0x0000000000000464                __floatundidf
                0x0000000000000464                __aeabi_ul2d
                0x0000000000000474                __floatdidf
                0x0000000000000474                __aeabi_l2d
 .text          0x00000000000004d0      0x424 c:/ncs/toolchains/0b393f9e1b/opt/zephyr-sdk/arm-zephyr-eabi/bin/../lib/gcc/arm-zephyr-eabi/12.2.0/thumb/v8-m.main/nofp\libgcc.a(_arm_muldivdf3.o)
                0x00000000000004d0                __aeabi_dmul
                0x00000000000004d0                __muldf3
                0x0000000000000724                __divdf3
                0x0000000000000724                __aeabi_ddiv
 .text          0x00000000000008f4       0x50 c:/ncs/toolchains/0b393f9e1b/opt/zephyr-sdk/arm-zephyr-eabi/bin/../lib/gcc/arm-zephyr-eabi/12.2.0/thumb/v8-m.main/nofp\libgcc.a(_arm_fixdfsi.o)
                0x00000000000008f4                __aeabi_d2iz
                0x00000000000008f4                __fixdfsi
 .text          0x0000000000000944       0x30 c:/ncs/toolchains/0b393f9e1b/opt/zephyr-sdk/arm-zephyr-eabi/bin/../lib/gcc/arm-zephyr-eabi/12.2.0/thumb/v8-m.main/nofp\libgcc.a(_aeabi_uldivmod.o)
                0x0000000000000944                __aeabi_uldivmod
 .text          0x0000000000000974        0x4 c:/ncs/toolchains/0b393f9e1b/opt/zephyr-sdk/arm-zephyr-eabi/bin/../lib/gcc/arm-zephyr-eabi/12.2.0/thumb/v8-m.main/nofp\libgcc.a(_dvmd_tls.o)
                0x0000000000000974                __aeabi_idiv0
                0x0000000000000974                __aeabi_ldiv0
 .text          0x0000000000000978       0x10 c:\ncs\toolchains\0b393f9e1b\opt\zephyr-sdk\arm-zephyr-eabi\bin\../lib/gcc/../../picolibc/arm-zephyr-eabi/lib/thumb/v8-m.main/nofp\libc.a(strlen.S.o)
                0x0000000000000978                strlen
 .text          0x0000000000000988      0x29c c:/ncs/toolchains/0b393f9e1b/opt/zephyr-sdk/arm-zephyr-eabi/bin/../lib/gcc/arm-zephyr-eabi/12.2.0/thumb/v8-m.main/nofp\libgcc.a(_udivmoddi4.o)
                0x0000000000000988                __udivmoddi4
 *(SORT_BY_ALIGNMENT(.text.*))
 *fill*         0x0000000000000c24        0x4 
 .text.adc_thread
                0x0000000000000c28       0xa4 app/libapp.a(main.c.obj)
                0x0000000000000c28                adc_thread
 *fill*         0x0000000000000ccc        0x4 
 .text.adc_drv_read
                0x0000000000000cd0       0x78 app/libapp.a(adc_drv.c.obj)
                0x0000000000000cd0                adc_drv_read
 .text.main     0x0000000000000d48      0x12c app/libapp.a(main.c.obj)
                0x0000000000000d48                main
 .text.cbvprintf_package
                0x0000000000000e74      0x3a4 zephyr/libzephyr.a(cbprintf_packaged.c.obj)
                0x0000000000000e74                cbvprintf_package
 .text.cbprintf_package_convert
                0x0000000000001218      0x3cc zephyr/libzephyr.a(cbprintf_packaged.c.obj)
                0x0000000000001218                cbprintf_package_convert
 .text.__printk_hook_install
                0x00000000000015e4        0xc zephyr/libzephyr.a(printk.c.obj)
                0x00000000000015e4                __printk_hook_install
 .text.z_thread_entry
                0x00000000000015f0       0x34 zephyr/libzephyr.a(thread_entry.c.obj)
                0x00000000000015f0                z_thread_entry
 .text.process_event
                0x0000000000001624      0x21c zephyr/libzephyr.a(onoff.c.obj)
 .text.activate_foreach_backend
                0x0000000000001840       0x64 zephyr/libzephyr.a(log_core.c.obj)
 .text.enable_logger
                0x00000000000018a4       0x5c zephyr/libzephyr.a(log_core.c.obj)
 .text.log_process_thread_timer_expiry_fn
                0x0000000000001900        0xc zephyr/libzephyr.a(log_core.c.obj)
 .text.z_log_init
                0x000000000000190c       0x90 zephyr/libzephyr.a(log_core.c.obj)
 .text.log_format_func_t_get
                0x000000000000199c        0xc zephyr/libzephyr.a(log_core.c.obj)
                0x000000000000199c                log_format_func_t_get
 .text.log_set_timestamp_func
                0x00000000000019a8       0x20 zephyr/libzephyr.a(log_core.c.obj)
                0x00000000000019a8                log_set_timestamp_func
 .text.z_log_notify_backend_enabled
                0x00000000000019c8       0x1c zephyr/libzephyr.a(log_core.c.obj)
                0x00000000000019c8                z_log_notify_backend_enabled
 .text.z_log_dropped
                0x00000000000019e4       0x3c zephyr/libzephyr.a(log_core.c.obj)
                0x00000000000019e4                z_log_dropped
 .text.z_log_dropped_read_and_clear
                0x0000000000001a20       0x18 zephyr/libzephyr.a(log_core.c.obj)
                0x0000000000001a20                z_log_dropped_read_and_clear
 .text.dropped_notify
                0x0000000000001a38       0x30 zephyr/libzephyr.a(log_core.c.obj)
                0x0000000000001a38                dropped_notify
 .text.z_log_msg_init
                0x0000000000001a68       0x20 zephyr/libzephyr.a(log_core.c.obj)
                0x0000000000001a68                z_log_msg_init
 .text.log_core_init
                0x0000000000001a88       0x34 zephyr/libzephyr.a(log_core.c.obj)
                0x0000000000001a88                log_core_init
 .text.z_log_msg_alloc
                0x0000000000001abc       0x10 zephyr/libzephyr.a(log_core.c.obj)
                0x0000000000001abc                z_log_msg_alloc
 .text.z_log_msg_local_claim
                0x0000000000001acc        0xc zephyr/libzephyr.a(log_core.c.obj)
                0x0000000000001acc                z_log_msg_local_claim
 .text.z_log_msg_free
                0x0000000000001ad8       0x10 zephyr/libzephyr.a(log_core.c.obj)
                0x0000000000001ad8                z_log_msg_free
 .text.z_log_msg_pending
                0x0000000000001ae8        0xc zephyr/libzephyr.a(log_core.c.obj)
                0x0000000000001ae8                z_log_msg_pending
 .text.z_impl_log_process
                0x0000000000001af4       0xb4 zephyr/libzephyr.a(log_core.c.obj)
                0x0000000000001af4                z_impl_log_process
 .text.z_impl_log_panic
                0x0000000000001ba8       0x44 zephyr/libzephyr.a(log_core.c.obj)
                0x0000000000001ba8                z_impl_log_panic
 .text.log_process_thread_func
                0x0000000000001bec       0xa4 zephyr/libzephyr.a(log_core.c.obj)
 .text.z_log_msg_post_finalize
                0x0000000000001c90       0x78 zephyr/libzephyr.a(log_core.c.obj)
 .text.z_log_msg_commit
                0x0000000000001d08       0x24 zephyr/libzephyr.a(log_core.c.obj)
                0x0000000000001d08                z_log_msg_commit
 .text.log_source_name_get
                0x0000000000001d2c       0x1c zephyr/libzephyr.a(log_mgmt.c.obj)
                0x0000000000001d2c                log_source_name_get
 .text.log_backend_enable
                0x0000000000001d48       0x28 zephyr/libzephyr.a(log_mgmt.c.obj)
                0x0000000000001d48                log_backend_enable
 .text.z_impl_z_log_msg_static_create
                0x0000000000001d70      0x108 zephyr/libzephyr.a(log_msg.c.obj)
                0x0000000000001d70                z_impl_z_log_msg_static_create
 .text.z_log_msg_runtime_vcreate
                0x0000000000001e78       0xa0 zephyr/libzephyr.a(log_msg.c.obj)
                0x0000000000001e78                z_log_msg_runtime_vcreate
 .text.log_msg_get_source_id
                0x0000000000001f18       0x18 zephyr/libzephyr.a(log_msg.c.obj)
                0x0000000000001f18                log_msg_get_source_id
 .text.print_formatted
                0x0000000000001f30       0x24 zephyr/libzephyr.a(log_output.c.obj)
 .text.newline_print
                0x0000000000001f54       0x1c zephyr/libzephyr.a(log_output.c.obj)
 .text.log_output_process
                0x0000000000001f70      0x2d4 zephyr/libzephyr.a(log_output.c.obj)
                0x0000000000001f70                log_output_process
 .text.log_output_dropped_process
                0x0000000000002244       0x58 zephyr/libzephyr.a(log_output.c.obj)
                0x0000000000002244                log_output_dropped_process
 .text.log_output_timestamp_freq_set
                0x000000000000229c       0x2c zephyr/libzephyr.a(log_output.c.obj)
                0x000000000000229c                log_output_timestamp_freq_set
 .text.char_out
                0x00000000000022c8       0x24 zephyr/libzephyr.a(log_backend_uart.c.obj)
 .text.mem_attr_get_regions
                0x00000000000022ec        0xc zephyr/libzephyr.a(mem_attr.c.obj)
                0x00000000000022ec                mem_attr_get_regions
 .text.boot_banner
                0x00000000000022f8       0x1c zephyr/libzephyr.a(banner.c.obj)
                0x00000000000022f8                boot_banner
 .text.nrf_cc3xx_platform_abort_init
                0x0000000000002314        0xc zephyr/libzephyr.a(nrf_cc3xx_platform_abort_zephyr.c.obj)
                0x0000000000002314                nrf_cc3xx_platform_abort_init
 .text.mutex_free_platform
                0x0000000000002320       0x54 zephyr/libzephyr.a(nrf_cc3xx_platform_mutex_zephyr.c.obj)
 .text.mutex_lock_platform
                0x0000000000002374       0x74 zephyr/libzephyr.a(nrf_cc3xx_platform_mutex_zephyr.c.obj)
 .text.mutex_unlock_platform
                0x00000000000023e8       0x68 zephyr/libzephyr.a(nrf_cc3xx_platform_mutex_zephyr.c.obj)
 .text.mutex_init_platform
                0x0000000000002450       0x94 zephyr/libzephyr.a(nrf_cc3xx_platform_mutex_zephyr.c.obj)
 .text.nrf_cc3xx_platform_mutex_init
                0x00000000000024e4       0x2c zephyr/libzephyr.a(nrf_cc3xx_platform_mutex_zephyr.c.obj)
                0x00000000000024e4                nrf_cc3xx_platform_mutex_init
 .text.z_arm_fatal_error
                0x0000000000002510       0xb8 zephyr/arch/arch/arm/core/libarch__arm__core.a(fatal.c.obj)
                0x0000000000002510                z_arm_fatal_error
 .text.z_SysNmiOnReset
                0x00000000000025c8        0x8 zephyr/arch/arch/arm/core/libarch__arm__core.a(nmi_on_reset.S.obj)
                0x00000000000025c8                z_SysNmiOnReset
 .text.arch_tls_stack_setup
                0x00000000000025d0       0x40 zephyr/arch/arch/arm/core/libarch__arm__core.a(tls.c.obj)
                0x00000000000025d0                arch_tls_stack_setup
 .text._HandlerModeExit
                0x0000000000002610       0x28 zephyr/arch/arch/arm/core/cortex_m/libarch__arm__core__cortex_m.a(exc_exit.c.obj)
                0x0000000000002610                z_arm_int_exit
                0x0000000000002610                z_arm_exc_exit
 .text.mem_manage_fault.constprop.0
                0x0000000000002638       0xd0 zephyr/arch/arch/arm/core/cortex_m/libarch__arm__core__cortex_m.a(fault.c.obj)
 .text.usage_fault.constprop.0
                0x0000000000002708       0xbc zephyr/arch/arch/arm/core/cortex_m/libarch__arm__core__cortex_m.a(fault.c.obj)
 .text.bus_fault.constprop.0
                0x00000000000027c4       0xd0 zephyr/arch/arch/arm/core/cortex_m/libarch__arm__core__cortex_m.a(fault.c.obj)
 .text.z_arm_fault
                0x0000000000002894      0x1d0 zephyr/arch/arch/arm/core/cortex_m/libarch__arm__core__cortex_m.a(fault.c.obj)
                0x0000000000002894                z_arm_fault
 .text.z_arm_fault_init
                0x0000000000002a64       0x20 zephyr/arch/arch/arm/core/cortex_m/libarch__arm__core__cortex_m.a(fault.c.obj)
                0x0000000000002a64                z_arm_fault_init
 .text.__fault  0x0000000000002a84       0x14 zephyr/arch/arch/arm/core/cortex_m/libarch__arm__core__cortex_m.a(fault_s.S.obj)
                0x0000000000002a84                z_arm_usage_fault
                0x0000000000002a84                z_arm_mpu_fault
                0x0000000000002a84                z_arm_exc_spurious
                0x0000000000002a84                z_arm_debug_monitor
                0x0000000000002a84                z_arm_hard_fault
                0x0000000000002a84                z_arm_bus_fault
 .text._reset_section
                0x0000000000002a98       0x60 zephyr/arch/arch/arm/core/cortex_m/libarch__arm__core__cortex_m.a(reset.S.obj)
                0x0000000000002a98                __start
                0x0000000000002a98                z_arm_reset
 .text.z_arm_clear_arm_mpu_config
                0x0000000000002af8       0x24 zephyr/arch/arch/arm/core/cortex_m/libarch__arm__core__cortex_m.a(scb.c.obj)
                0x0000000000002af8                z_arm_clear_arm_mpu_config
 .text.z_arm_init_arch_hw_at_boot
                0x0000000000002b1c       0x4c zephyr/arch/arch/arm/core/cortex_m/libarch__arm__core__cortex_m.a(scb.c.obj)
                0x0000000000002b1c                z_arm_init_arch_hw_at_boot
 .text.z_impl_k_thread_abort
                0x0000000000002b68       0x2c zephyr/arch/arch/arm/core/cortex_m/libarch__arm__core__cortex_m.a(thread_abort.c.obj)
                0x0000000000002b68                z_impl_k_thread_abort
 .text.z_arm_pendsv
                0x0000000000002b94       0x68 zephyr/arch/arch/arm/core/cortex_m/libarch__arm__core__cortex_m.a(swap_helper.S.obj)
                0x0000000000002b94                z_arm_pendsv
 .text.z_arm_svc
                0x0000000000002bfc       0x24 zephyr/arch/arch/arm/core/cortex_m/libarch__arm__core__cortex_m.a(swap_helper.S.obj)
                0x0000000000002bfc                z_arm_svc
 .text.arch_irq_enable
                0x0000000000002c20       0x1c zephyr/arch/arch/arm/core/cortex_m/libarch__arm__core__cortex_m.a(irq_manage.c.obj)
                0x0000000000002c20                arch_irq_enable
 .text.arch_irq_is_enabled
                0x0000000000002c3c       0x1c zephyr/arch/arch/arm/core/cortex_m/libarch__arm__core__cortex_m.a(irq_manage.c.obj)
                0x0000000000002c3c                arch_irq_is_enabled
 .text.z_arm_irq_priority_set
                0x0000000000002c58       0x2c zephyr/arch/arch/arm/core/cortex_m/libarch__arm__core__cortex_m.a(irq_manage.c.obj)
                0x0000000000002c58                z_arm_irq_priority_set
 .text.z_prep_c
                0x0000000000002c84       0x38 zephyr/arch/arch/arm/core/cortex_m/libarch__arm__core__cortex_m.a(prep_c.c.obj)
                0x0000000000002c84                z_prep_c
 .text.arch_new_thread
                0x0000000000002cbc       0x38 zephyr/arch/arch/arm/core/cortex_m/libarch__arm__core__cortex_m.a(thread.c.obj)
                0x0000000000002cbc                arch_new_thread
 .text.arch_switch_to_main_thread
                0x0000000000002cf4       0x40 zephyr/arch/arch/arm/core/cortex_m/libarch__arm__core__cortex_m.a(thread.c.obj)
                0x0000000000002cf4                arch_switch_to_main_thread
 .text.z_arm_cpu_idle_init
                0x0000000000002d34        0xc zephyr/arch/arch/arm/core/cortex_m/libarch__arm__core__cortex_m.a(cpu_idle.c.obj)
                0x0000000000002d34                z_arm_cpu_idle_init
 .text.z_arm_interrupt_init
                0x0000000000002d40       0x18 zephyr/arch/arch/arm/core/cortex_m/libarch__arm__core__cortex_m.a(irq_init.c.obj)
                0x0000000000002d40                z_arm_interrupt_init
 .text._isr_wrapper
                0x0000000000002d58       0x24 zephyr/arch/arch/arm/core/cortex_m/libarch__arm__core__cortex_m.a(isr_wrapper.c.obj)
                0x0000000000002d58                _isr_wrapper
 .text.z_arm_configure_static_mpu_regions
                0x0000000000002d7c       0x38 zephyr/arch/arch/arm/core/mpu/libarch__arm__core__mpu.a(arm_core_mpu.c.obj)
                0x0000000000002d7c                z_arm_configure_static_mpu_regions
 .text.region_init
                0x0000000000002db4       0x34 zephyr/arch/arch/arm/core/mpu/libarch__arm__core__mpu.a(arm_mpu.c.obj)
 .text.region_allocate_and_init
                0x0000000000002de8       0x38 zephyr/arch/arch/arm/core/mpu/libarch__arm__core__mpu.a(arm_mpu.c.obj)
 .text.mpu_configure_regions_and_partition.constprop.0
                0x0000000000002e20      0x164 zephyr/arch/arch/arm/core/mpu/libarch__arm__core__mpu.a(arm_mpu.c.obj)
 .text.arm_core_mpu_enable
                0x0000000000002f84       0x18 zephyr/arch/arch/arm/core/mpu/libarch__arm__core__mpu.a(arm_mpu.c.obj)
                0x0000000000002f84                arm_core_mpu_enable
 .text.arm_core_mpu_disable
                0x0000000000002f9c       0x14 zephyr/arch/arch/arm/core/mpu/libarch__arm__core__mpu.a(arm_mpu.c.obj)
                0x0000000000002f9c                arm_core_mpu_disable
 .text.arm_core_mpu_configure_static_mpu_regions
                0x0000000000002fb0       0x14 zephyr/arch/arch/arm/core/mpu/libarch__arm__core__mpu.a(arm_mpu.c.obj)
                0x0000000000002fb0                arm_core_mpu_configure_static_mpu_regions
 .text.arm_core_mpu_mark_areas_for_dynamic_regions
                0x0000000000002fc4       0xb8 zephyr/arch/arch/arm/core/mpu/libarch__arm__core__mpu.a(arm_mpu.c.obj)
                0x0000000000002fc4                arm_core_mpu_mark_areas_for_dynamic_regions
 .text.z_arm_mpu_init
                0x000000000000307c      0x11c zephyr/arch/arch/arm/core/mpu/libarch__arm__core__mpu.a(arm_mpu.c.obj)
                0x000000000000307c                z_arm_mpu_init
 .text.cbvprintf
                0x0000000000003198       0x38 zephyr/lib/libc/picolibc/liblib__libc__picolibc.a(cbprintf.c.obj)
                0x0000000000003198                cbvprintf
 .text.z_impl_zephyr_fputc
                0x00000000000031d0       0x10 zephyr/lib/libc/picolibc/liblib__libc__picolibc.a(stdio.c.obj)
                0x00000000000031d0                z_impl_zephyr_fputc
 .text.__stdout_hook_install
                0x00000000000031e0       0x18 zephyr/lib/libc/picolibc/liblib__libc__picolibc.a(stdio.c.obj)
                0x00000000000031e0                __stdout_hook_install
 .text.malloc_prepare
                0x00000000000031f8       0x24 zephyr/lib/libc/common/liblib__libc__common.a(malloc.c.obj)
 .text.nrf_gpio_pin_control_select
                0x000000000000321c       0x3c zephyr/soc/soc/nrf5340/libsoc__nordic.a(soc.c.obj)
 .text.nordicsemi_nrf53_init
                0x0000000000003258       0x5c zephyr/soc/soc/nrf5340/libsoc__nordic.a(soc.c.obj)
 .text.rtc_pretick_init
                0x00000000000032b4       0x60 zephyr/soc/soc/nrf5340/libsoc__nordic.a(soc.c.obj)
 .text.z_arm_on_enter_cpu_idle
                0x0000000000003314       0x64 zephyr/soc/soc/nrf5340/libsoc__nordic.a(soc.c.obj)
                0x0000000000003314                z_arm_on_enter_cpu_idle
 .text.arch_busy_wait
                0x0000000000003378       0x24 zephyr/soc/soc/nrf5340/libsoc__nordic.a(soc.c.obj)
                0x0000000000003378                arch_busy_wait
 .text.nrf53_cpunet_mgmt_init
                0x000000000000339c       0x10 zephyr/soc/soc/nrf5340/libsoc__nordic.a(nrf53_cpunet_mgmt.c.obj)
 .text.onoff_start
                0x00000000000033ac       0x6c zephyr/soc/soc/nrf5340/libsoc__nordic.a(nrf53_cpunet_mgmt.c.obj)
 .text.adc_context_start_sampling
                0x0000000000003418       0x1c zephyr/drivers/adc/libdrivers__adc.a(adc_nrfx_saadc.c.obj)
 .text.adc_nrfx_channel_setup
                0x0000000000003434      0x158 zephyr/drivers/adc/libdrivers__adc.a(adc_nrfx_saadc.c.obj)
 .text.start_read.constprop.0
                0x000000000000358c      0x1c8 zephyr/drivers/adc/libdrivers__adc.a(adc_nrfx_saadc.c.obj)
 .text.adc_nrfx_read_async
                0x0000000000003754       0x40 zephyr/drivers/adc/libdrivers__adc.a(adc_nrfx_saadc.c.obj)
 .text.adc_nrfx_read
                0x0000000000003794       0x40 zephyr/drivers/adc/libdrivers__adc.a(adc_nrfx_saadc.c.obj)
 .text.init_saadc
                0x00000000000037d4       0x4c zephyr/drivers/adc/libdrivers__adc.a(adc_nrfx_saadc.c.obj)
 .text.saadc_irq_handler
                0x0000000000003820      0x11c zephyr/drivers/adc/libdrivers__adc.a(adc_nrfx_saadc.c.obj)
 .text.onoff_stop
                0x000000000000393c       0x30 zephyr/drivers/clock_control/libdrivers__clock_control.a(clock_control_nrf.c.obj)
 .text.onoff_start
                0x000000000000396c       0x44 zephyr/drivers/clock_control/libdrivers__clock_control.a(clock_control_nrf.c.obj)
 .text.generic_hfclk_stop
                0x00000000000039b0       0x34 zephyr/drivers/clock_control/libdrivers__clock_control.a(clock_control_nrf.c.obj)
 .text.clk_init
                0x00000000000039e4       0x64 zephyr/drivers/clock_control/libdrivers__clock_control.a(clock_control_nrf.c.obj)
 .text.api_blocking_start
                0x0000000000003a48       0x3c zephyr/drivers/clock_control/libdrivers__clock_control.a(clock_control_nrf.c.obj)
 .text.clkstarted_handle.constprop.0
                0x0000000000003a84       0x4c zephyr/drivers/clock_control/libdrivers__clock_control.a(clock_control_nrf.c.obj)
 .text.generic_hfclk_start
                0x0000000000003ad0       0x78 zephyr/drivers/clock_control/libdrivers__clock_control.a(clock_control_nrf.c.obj)
 .text.clock_event_handler
                0x0000000000003b48       0x34 zephyr/drivers/clock_control/libdrivers__clock_control.a(clock_control_nrf.c.obj)
 .text.z_nrf_clock_control_lf_on
                0x0000000000003b7c       0xf8 zephyr/drivers/clock_control/libdrivers__clock_control.a(clock_control_nrf.c.obj)
                0x0000000000003b7c                z_nrf_clock_control_lf_on
 .text.uart_console_init
                0x0000000000003c74       0x28 zephyr/drivers/console/libdrivers__console.a(uart_console.c.obj)
 .text.console_out
                0x0000000000003c9c       0x28 zephyr/drivers/console/libdrivers__console.a(uart_console.c.obj)
 .text.gpio_nrfx_pin_interrupt_configure
                0x0000000000003cc4      0x100 zephyr/drivers/gpio/libdrivers__gpio.a(gpio_nrfx.c.obj)
 .text.gpio_nrfx_init
                0x0000000000003dc4       0x48 zephyr/drivers/gpio/libdrivers__gpio.a(gpio_nrfx.c.obj)
 .text.nrfx_gpio_handler
                0x0000000000003e0c       0x4c zephyr/drivers/gpio/libdrivers__gpio.a(gpio_nrfx.c.obj)
 .text.gpio_nrfx_pin_configure
                0x0000000000003e58      0x188 zephyr/drivers/gpio/libdrivers__gpio.a(gpio_nrfx.c.obj)
 .text.nrf_gpio_pin_port_decode
                0x0000000000003fe0       0x24 zephyr/drivers/pinctrl/libdrivers__pinctrl.a(pinctrl_nrf.c.obj)
 .text.pinctrl_configure_pins
                0x0000000000004004      0x1a0 zephyr/drivers/pinctrl/libdrivers__pinctrl.a(pinctrl_nrf.c.obj)
                0x0000000000004004                pinctrl_configure_pins
 .text.uarte_nrfx_poll_out
                0x00000000000041a4       0xb4 zephyr/drivers/serial/libdrivers__serial.a(uart_nrfx_uarte.c.obj)
 .text.uarte_0_init
                0x0000000000004258      0x120 zephyr/drivers/serial/libdrivers__serial.a(uart_nrfx_uarte.c.obj)
 .text.compare_int_lock
                0x0000000000004378       0x40 zephyr/drivers/timer/libdrivers__timer.a(nrf_rtc_timer.c.obj)
 .text.sys_clock_timeout_handler
                0x00000000000043b8       0x48 zephyr/drivers/timer/libdrivers__timer.a(nrf_rtc_timer.c.obj)
 .text.compare_int_unlock
                0x0000000000004400       0x4c zephyr/drivers/timer/libdrivers__timer.a(nrf_rtc_timer.c.obj)
 .text.z_nrf_rtc_timer_read
                0x000000000000444c       0x44 zephyr/drivers/timer/libdrivers__timer.a(nrf_rtc_timer.c.obj)
                0x000000000000444c                z_nrf_rtc_timer_read
 .text.compare_set
                0x0000000000004490      0x124 zephyr/drivers/timer/libdrivers__timer.a(nrf_rtc_timer.c.obj)
 .text.sys_clock_driver_init
                0x00000000000045b4       0x90 zephyr/drivers/timer/libdrivers__timer.a(nrf_rtc_timer.c.obj)
 .text.rtc_nrf_isr
                0x0000000000004644       0xd0 zephyr/drivers/timer/libdrivers__timer.a(nrf_rtc_timer.c.obj)
                0x0000000000004644                rtc_nrf_isr
 .text.sys_clock_set_timeout
                0x0000000000004714       0x5c zephyr/drivers/timer/libdrivers__timer.a(nrf_rtc_timer.c.obj)
                0x0000000000004714                sys_clock_set_timeout
 .text.sys_clock_elapsed
                0x0000000000004770       0x14 zephyr/drivers/timer/libdrivers__timer.a(nrf_rtc_timer.c.obj)
                0x0000000000004770                sys_clock_elapsed
 .text.nrf53_errata_42
                0x0000000000004784       0x24 modules/hal_nordic/modules/hal_nordic/nrfx/libmodules__hal_nordic__nrfx.a(system_nrf5340_application.c.obj)
 .text.SystemInit
                0x00000000000047a8      0x1c4 modules/hal_nordic/modules/hal_nordic/nrfx/libmodules__hal_nordic__nrfx.a(system_nrf5340_application.c.obj)
                0x00000000000047a8                SystemInit
 .text.nrfx_flag32_alloc
                0x000000000000496c       0x40 modules/hal_nordic/modules/hal_nordic/nrfx/libmodules__hal_nordic__nrfx.a(nrfx_flag32_allocator.c.obj)
                0x000000000000496c                nrfx_flag32_alloc
 .text.nrfx_flag32_free
                0x00000000000049ac       0x38 modules/hal_nordic/modules/hal_nordic/nrfx/libmodules__hal_nordic__nrfx.a(nrfx_flag32_allocator.c.obj)
                0x00000000000049ac                nrfx_flag32_free
 .text.nrfx_gppi_channels_enable
                0x00000000000049e4        0xc modules/hal_nordic/modules/hal_nordic/nrfx/libmodules__hal_nordic__nrfx.a(nrfx_gppi_dppi.c.obj)
                0x00000000000049e4                nrfx_gppi_channels_enable
 .text.nrfx_gppi_channel_alloc
                0x00000000000049f0        0xc modules/hal_nordic/modules/hal_nordic/nrfx/libmodules__hal_nordic__nrfx.a(nrfx_gppi_dppi.c.obj)
                0x00000000000049f0                nrfx_gppi_channel_alloc
 .text.clock_stop
                0x00000000000049fc       0xf4 modules/hal_nordic/modules/hal_nordic/nrfx/libmodules__hal_nordic__nrfx.a(nrfx_clock.c.obj)
 .text.nrfx_clock_init
                0x0000000000004af0       0x20 modules/hal_nordic/modules/hal_nordic/nrfx/libmodules__hal_nordic__nrfx.a(nrfx_clock.c.obj)
                0x0000000000004af0                nrfx_clock_init
 .text.nrfx_clock_enable
                0x0000000000004b10       0x30 modules/hal_nordic/modules/hal_nordic/nrfx/libmodules__hal_nordic__nrfx.a(nrfx_clock.c.obj)
                0x0000000000004b10                nrfx_clock_enable
 .text.nrfx_clock_start
                0x0000000000004b40       0xd0 modules/hal_nordic/modules/hal_nordic/nrfx/libmodules__hal_nordic__nrfx.a(nrfx_clock.c.obj)
                0x0000000000004b40                nrfx_clock_start
 .text.nrfx_power_clock_irq_handler
                0x0000000000004c10       0x70 modules/hal_nordic/modules/hal_nordic/nrfx/libmodules__hal_nordic__nrfx.a(nrfx_clock.c.obj)
                0x0000000000004c10                nrfx_power_clock_irq_handler
 .text.nrfx_dppi_channel_alloc
                0x0000000000004c80       0x10 modules/hal_nordic/modules/hal_nordic/nrfx/libmodules__hal_nordic__nrfx.a(nrfx_dppi.c.obj)
                0x0000000000004c80                nrfx_dppi_channel_alloc
 .text.nrf_gpio_pin_port_decode
                0x0000000000004c90       0x24 modules/hal_nordic/modules/hal_nordic/nrfx/libmodules__hal_nordic__nrfx.a(nrfx_gpiote.c.obj)
 .text.get_pin_idx
                0x0000000000004cb4       0x14 modules/hal_nordic/modules/hal_nordic/nrfx/libmodules__hal_nordic__nrfx.a(nrfx_gpiote.c.obj)
 .text.call_handler.constprop.0
                0x0000000000004cc8       0x40 modules/hal_nordic/modules/hal_nordic/nrfx/libmodules__hal_nordic__nrfx.a(nrfx_gpiote.c.obj)
 .text.pin_te_get.constprop.0
                0x0000000000004d08       0x18 modules/hal_nordic/modules/hal_nordic/nrfx/libmodules__hal_nordic__nrfx.a(nrfx_gpiote.c.obj)
 .text.pin_is_output.constprop.0
                0x0000000000004d20       0x18 modules/hal_nordic/modules/hal_nordic/nrfx/libmodules__hal_nordic__nrfx.a(nrfx_gpiote.c.obj)
 .text.pin_in_use_by_te.constprop.0
                0x0000000000004d38       0x18 modules/hal_nordic/modules/hal_nordic/nrfx/libmodules__hal_nordic__nrfx.a(nrfx_gpiote.c.obj)
 .text.latch_pending_read_and_check
                0x0000000000004d50       0x3c modules/hal_nordic/modules/hal_nordic/nrfx/libmodules__hal_nordic__nrfx.a(nrfx_gpiote.c.obj)
 .text.release_handler.isra.0
                0x0000000000004d8c       0x58 modules/hal_nordic/modules/hal_nordic/nrfx/libmodules__hal_nordic__nrfx.a(nrfx_gpiote.c.obj)
 .text.__nrfy_internal_gpiote_events_process.constprop.0
                0x0000000000004de4       0x5c modules/hal_nordic/modules/hal_nordic/nrfx/libmodules__hal_nordic__nrfx.a(nrfx_gpiote.c.obj)
 .text.pin_uninit
                0x0000000000004e40       0x84 modules/hal_nordic/modules/hal_nordic/nrfx/libmodules__hal_nordic__nrfx.a(nrfx_gpiote.c.obj)
 .text.nrfx_gpiote_input_configure
                0x0000000000004ec4      0x178 modules/hal_nordic/modules/hal_nordic/nrfx/libmodules__hal_nordic__nrfx.a(nrfx_gpiote.c.obj)
                0x0000000000004ec4                nrfx_gpiote_input_configure
 .text.nrfx_gpiote_output_configure
                0x000000000000503c      0x104 modules/hal_nordic/modules/hal_nordic/nrfx/libmodules__hal_nordic__nrfx.a(nrfx_gpiote.c.obj)
                0x000000000000503c                nrfx_gpiote_output_configure
 .text.nrfx_gpiote_global_callback_set
                0x0000000000005140        0xc modules/hal_nordic/modules/hal_nordic/nrfx/libmodules__hal_nordic__nrfx.a(nrfx_gpiote.c.obj)
                0x0000000000005140                nrfx_gpiote_global_callback_set
 .text.nrfx_gpiote_channel_get
                0x000000000000514c       0x34 modules/hal_nordic/modules/hal_nordic/nrfx/libmodules__hal_nordic__nrfx.a(nrfx_gpiote.c.obj)
                0x000000000000514c                nrfx_gpiote_channel_get
 .text.nrfx_gpiote_init
                0x0000000000005180       0x64 modules/hal_nordic/modules/hal_nordic/nrfx/libmodules__hal_nordic__nrfx.a(nrfx_gpiote.c.obj)
                0x0000000000005180                nrfx_gpiote_init
 .text.nrfx_gpiote_init_check
                0x00000000000051e4       0x14 modules/hal_nordic/modules/hal_nordic/nrfx/libmodules__hal_nordic__nrfx.a(nrfx_gpiote.c.obj)
                0x00000000000051e4                nrfx_gpiote_init_check
 .text.nrfx_gpiote_channel_free
                0x00000000000051f8        0xc modules/hal_nordic/modules/hal_nordic/nrfx/libmodules__hal_nordic__nrfx.a(nrfx_gpiote.c.obj)
                0x00000000000051f8                nrfx_gpiote_channel_free
 .text.nrfx_gpiote_channel_alloc
                0x0000000000005204        0xc modules/hal_nordic/modules/hal_nordic/nrfx/libmodules__hal_nordic__nrfx.a(nrfx_gpiote.c.obj)
                0x0000000000005204                nrfx_gpiote_channel_alloc
 .text.nrfx_gpiote_trigger_enable
                0x0000000000005210       0xac modules/hal_nordic/modules/hal_nordic/nrfx/libmodules__hal_nordic__nrfx.a(nrfx_gpiote.c.obj)
                0x0000000000005210                nrfx_gpiote_trigger_enable
 .text.nrfx_gpiote_0_irq_handler
                0x00000000000052bc      0x1b8 modules/hal_nordic/modules/hal_nordic/nrfx/libmodules__hal_nordic__nrfx.a(nrfx_gpiote.c.obj)
                0x00000000000052bc                nrfx_gpiote_0_irq_handler
 .text.k_sys_fatal_error_handler
                0x0000000000005474       0x20 zephyr/kernel/libkernel.a(fatal.c.obj)
                0x0000000000005474                k_sys_fatal_error_handler
 .text.z_fatal_error
                0x0000000000005494       0xe8 zephyr/kernel/libkernel.a(fatal.c.obj)
                0x0000000000005494                z_fatal_error
 .text.z_sys_init_run_level
                0x000000000000557c       0x2c zephyr/kernel/libkernel.a(init.c.obj)
 .text.bg_thread_main
                0x00000000000055a8       0xc4 zephyr/kernel/libkernel.a(init.c.obj)
 .text.z_bss_zero
                0x000000000000566c       0x18 zephyr/kernel/libkernel.a(init.c.obj)
                0x000000000000566c                z_bss_zero
 .text.z_init_cpu
                0x0000000000005684       0x68 zephyr/kernel/libkernel.a(init.c.obj)
                0x0000000000005684                z_init_cpu
 .text.z_cstart
                0x00000000000056ec       0xe0 zephyr/kernel/libkernel.a(init.c.obj)
                0x00000000000056ec                z_cstart
 .text.init_mem_slab_obj_core_list
                0x00000000000057cc       0x24 zephyr/kernel/libkernel.a(mem_slab.c.obj)
 .text.k_mem_slab_alloc
                0x00000000000057f0       0x5c zephyr/kernel/libkernel.a(mem_slab.c.obj)
                0x00000000000057f0                k_mem_slab_alloc
 .text.z_impl_k_mutex_lock
                0x000000000000584c       0xf0 zephyr/kernel/libkernel.a(mutex.c.obj)
                0x000000000000584c                z_impl_k_mutex_lock
 .text.z_impl_k_mutex_unlock
                0x000000000000593c       0xa0 zephyr/kernel/libkernel.a(mutex.c.obj)
                0x000000000000593c                z_impl_k_mutex_unlock
 .text.z_impl_k_sem_give
                0x00000000000059dc       0x68 zephyr/kernel/libkernel.a(sem.c.obj)
                0x00000000000059dc                z_impl_k_sem_give
 .text.z_impl_k_sem_take
                0x0000000000005a44       0x4c zephyr/kernel/libkernel.a(sem.c.obj)
                0x0000000000005a44                z_impl_k_sem_take
 .text.z_setup_new_thread
                0x0000000000005a90       0x7c zephyr/kernel/libkernel.a(thread.c.obj)
                0x0000000000005a90                z_setup_new_thread
 .text.z_impl_k_thread_create
                0x0000000000005b0c       0x58 zephyr/kernel/libkernel.a(thread.c.obj)
                0x0000000000005b0c                z_impl_k_thread_create
 .text.z_swap_irqlock
                0x0000000000005b64       0x30 zephyr/kernel/libkernel.a(sched.c.obj)
 .text.ready_thread
                0x0000000000005b94       0x90 zephyr/kernel/libkernel.a(sched.c.obj)
 .text.unready_thread
                0x0000000000005c24       0x54 zephyr/kernel/libkernel.a(sched.c.obj)
 .text.move_thread_to_end_of_prio_q
                0x0000000000005c78       0x90 zephyr/kernel/libkernel.a(sched.c.obj)
                0x0000000000005c78                move_thread_to_end_of_prio_q
 .text.z_pend_curr
                0x0000000000005d08       0x58 zephyr/kernel/libkernel.a(sched.c.obj)
                0x0000000000005d08                z_pend_curr
 .text.z_thread_prio_set
                0x0000000000005d60       0x9c zephyr/kernel/libkernel.a(sched.c.obj)
                0x0000000000005d60                z_thread_prio_set
 .text.z_reschedule
                0x0000000000005dfc       0x24 zephyr/kernel/libkernel.a(sched.c.obj)
                0x0000000000005dfc                z_reschedule
 .text.z_reschedule_irqlock
                0x0000000000005e20       0x28 zephyr/kernel/libkernel.a(sched.c.obj)
                0x0000000000005e20                z_reschedule_irqlock
 .text.k_sched_lock
                0x0000000000005e48       0x28 zephyr/kernel/libkernel.a(sched.c.obj)
                0x0000000000005e48                k_sched_lock
 .text.k_sched_unlock
                0x0000000000005e70       0x68 zephyr/kernel/libkernel.a(sched.c.obj)
                0x0000000000005e70                k_sched_unlock
 .text.z_sched_init
                0x0000000000005ed8       0x10 zephyr/kernel/libkernel.a(sched.c.obj)
                0x0000000000005ed8                z_sched_init
 .text.z_impl_k_yield
                0x0000000000005ee8       0x88 zephyr/kernel/libkernel.a(sched.c.obj)
                0x0000000000005ee8                z_impl_k_yield
 .text.z_tick_sleep
                0x0000000000005f70       0x80 zephyr/kernel/libkernel.a(sched.c.obj)
 .text.z_impl_k_wakeup
                0x0000000000005ff0       0x4c zephyr/kernel/libkernel.a(sched.c.obj)
                0x0000000000005ff0                z_impl_k_wakeup
 .text.z_impl_k_sched_current_thread_query
                0x000000000000603c        0xc zephyr/kernel/libkernel.a(sched.c.obj)
                0x000000000000603c                z_impl_k_sched_current_thread_query
 .text.z_thread_abort
                0x0000000000006048      0x110 zephyr/kernel/libkernel.a(sched.c.obj)
                0x0000000000006048                z_thread_abort
 .text.z_sched_wait
                0x0000000000006158       0x24 zephyr/kernel/libkernel.a(sched.c.obj)
                0x0000000000006158                z_sched_wait
 .text.slice_timeout
                0x000000000000617c       0x20 zephyr/kernel/libkernel.a(timeslicing.c.obj)
 .text.thread_is_sliceable
                0x000000000000619c       0x3c zephyr/kernel/libkernel.a(timeslicing.c.obj)
                0x000000000000619c                thread_is_sliceable
 .text.z_reset_time_slice
                0x00000000000061d8       0x50 zephyr/kernel/libkernel.a(timeslicing.c.obj)
                0x00000000000061d8                z_reset_time_slice
 .text.z_time_slice
                0x0000000000006228       0x60 zephyr/kernel/libkernel.a(timeslicing.c.obj)
                0x0000000000006228                z_time_slice
 .text.z_data_copy
                0x0000000000006288       0x38 zephyr/kernel/libkernel.a(xip.c.obj)
                0x0000000000006288                z_data_copy
 .text.first    0x00000000000062c0       0x10 zephyr/kernel/libkernel.a(timeout.c.obj)
 .text.elapsed  0x00000000000062d0       0x14 zephyr/kernel/libkernel.a(timeout.c.obj)
 .text.remove_timeout
                0x00000000000062e4       0x38 zephyr/kernel/libkernel.a(timeout.c.obj)
 .text.z_add_timeout
                0x000000000000631c       0xec zephyr/kernel/libkernel.a(timeout.c.obj)
                0x000000000000631c                z_add_timeout
 .text.sys_clock_announce
                0x0000000000006408       0xbc zephyr/kernel/libkernel.a(timeout.c.obj)
                0x0000000000006408                sys_clock_announce
 .text.sys_clock_tick_get
                0x00000000000064c4       0x30 zephyr/kernel/libkernel.a(timeout.c.obj)
                0x00000000000064c4                sys_clock_tick_get
 .text.z_timer_expiration_handler
                0x00000000000064f4       0xe0 zephyr/kernel/libkernel.a(timer.c.obj)
                0x00000000000064f4                z_timer_expiration_handler
 .text.z_impl_k_timer_start
                0x00000000000065d4       0x74 zephyr/kernel/libkernel.a(timer.c.obj)
                0x00000000000065d4                z_impl_k_timer_start
 .text.z_impl_k_poll
                0x0000000000006648       0xb0 zephyr/kernel/libkernel.a(poll.c.obj)
                0x0000000000006648                z_impl_k_poll
 .text.z_impl_k_poll_signal_raise
                0x00000000000066f8       0x50 zephyr/kernel/libkernel.a(poll.c.obj)
                0x00000000000066f8                z_impl_k_poll_signal_raise
 .text.k_sys_work_q_init
                0x0000000000006748       0x34 zephyr/kernel/libkernel.a(system_work_q.c.obj)
 .text.work_queue_main
                0x000000000000677c      0x14c zephyr/kernel/libkernel.a(work.c.obj)
 .text.submit_to_queue_locked
                0x00000000000068c8       0xb4 zephyr/kernel/libkernel.a(work.c.obj)
 .text.k_work_queue_start
                0x000000000000697c       0x7c zephyr/kernel/libkernel.a(work.c.obj)
                0x000000000000697c                k_work_queue_start
 .text.nrf_cc3xx_platform_init_no_rng
                0x00000000000069f8       0x38 C:/ncs/v3.0.1/nrfxlib/crypto/nrf_cc312_platform/lib/cortex-m33/soft-float/no-interrupts/libnrf_cc312_platform_0.9.19.a(nrf_cc3xx_platform.c.obj)
                0x00000000000069f8                nrf_cc3xx_platform_init_no_rng
 .text.nrf_cc3xx_platform_abort
                0x0000000000006a30       0x24 C:/ncs/v3.0.1/nrfxlib/crypto/nrf_cc312_platform/lib/cortex-m33/soft-float/no-interrupts/libnrf_cc312_platform_0.9.19.a(nrf_cc3xx_platform_abort.c.obj)
 .text.CC_PalAbort
                0x0000000000006a54       0x44 C:/ncs/v3.0.1/nrfxlib/crypto/nrf_cc312_platform/lib/cortex-m33/soft-float/no-interrupts/libnrf_cc312_platform_0.9.19.a(nrf_cc3xx_platform_abort.c.obj)
                0x0000000000006a54                CC_PalAbort
 .text.nrf_cc3xx_platform_set_abort
                0x0000000000006a98       0x10 C:/ncs/v3.0.1/nrfxlib/crypto/nrf_cc312_platform/lib/cortex-m33/soft-float/no-interrupts/libnrf_cc312_platform_0.9.19.a(nrf_cc3xx_platform_abort.c.obj)
                0x0000000000006a98                nrf_cc3xx_platform_set_abort
 .text.mutex_free
                0x0000000000006aa8       0x34 C:/ncs/v3.0.1/nrfxlib/crypto/nrf_cc312_platform/lib/cortex-m33/soft-float/no-interrupts/libnrf_cc312_platform_0.9.19.a(nrf_cc3xx_platform_mutex.c.obj)
 .text.mutex_lock
                0x0000000000006adc       0x48 C:/ncs/v3.0.1/nrfxlib/crypto/nrf_cc312_platform/lib/cortex-m33/soft-float/no-interrupts/libnrf_cc312_platform_0.9.19.a(nrf_cc3xx_platform_mutex.c.obj)
 .text.mutex_unlock
                0x0000000000006b24       0x38 C:/ncs/v3.0.1/nrfxlib/crypto/nrf_cc312_platform/lib/cortex-m33/soft-float/no-interrupts/libnrf_cc312_platform_0.9.19.a(nrf_cc3xx_platform_mutex.c.obj)
 .text.mutex_init
                0x0000000000006b5c       0x20 C:/ncs/v3.0.1/nrfxlib/crypto/nrf_cc312_platform/lib/cortex-m33/soft-float/no-interrupts/libnrf_cc312_platform_0.9.19.a(nrf_cc3xx_platform_mutex.c.obj)
 .text.nrf_cc3xx_platform_set_mutexes
                0x0000000000006b7c       0x78 C:/ncs/v3.0.1/nrfxlib/crypto/nrf_cc312_platform/lib/cortex-m33/soft-float/no-interrupts/libnrf_cc312_platform_0.9.19.a(nrf_cc3xx_platform_mutex.c.obj)
                0x0000000000006b7c                nrf_cc3xx_platform_set_mutexes
 .text.CC_LibInitNoRng
                0x0000000000006bf4       0x28 C:/ncs/v3.0.1/nrfxlib/crypto/nrf_cc312_platform/lib/cortex-m33/soft-float/no-interrupts/libnrf_cc312_platform_0.9.19.a(cc_lib.c.obj)
                0x0000000000006bf4                CC_LibInitNoRng
 .text.CC_HalInit
                0x0000000000006c1c        0x4 C:/ncs/v3.0.1/nrfxlib/crypto/nrf_cc312_platform/lib/cortex-m33/soft-float/no-interrupts/libnrf_cc312_platform_0.9.19.a(cc_hal.c.obj)
                0x0000000000006c1c                CC_HalInit
 .text.CC_PalInit
                0x0000000000006c20       0x5c C:/ncs/v3.0.1/nrfxlib/crypto/nrf_cc312_platform/lib/cortex-m33/soft-float/no-interrupts/libnrf_cc312_platform_0.9.19.a(cc_pal.c.obj)
                0x0000000000006c20                CC_PalInit
 .text.CC_PalTerminate
                0x0000000000006c7c       0x34 C:/ncs/v3.0.1/nrfxlib/crypto/nrf_cc312_platform/lib/cortex-m33/soft-float/no-interrupts/libnrf_cc312_platform_0.9.19.a(cc_pal.c.obj)
                0x0000000000006c7c                CC_PalTerminate
 .text.CC_PalDmaInit
                0x0000000000006cb0        0x4 C:/ncs/v3.0.1/nrfxlib/crypto/nrf_cc312_platform/lib/cortex-m33/soft-float/no-interrupts/libnrf_cc312_platform_0.9.19.a(cc_pal_dma.c.obj)
                0x0000000000006cb0                CC_PalDmaInit
 .text.CC_PalDmaTerminate
                0x0000000000006cb4        0x4 C:/ncs/v3.0.1/nrfxlib/crypto/nrf_cc312_platform/lib/cortex-m33/soft-float/no-interrupts/libnrf_cc312_platform_0.9.19.a(cc_pal_dma.c.obj)
                0x0000000000006cb4                CC_PalDmaTerminate
 .text.CC_PalMutexCreate
                0x0000000000006cb8       0x14 C:/ncs/v3.0.1/nrfxlib/crypto/nrf_cc312_platform/lib/cortex-m33/soft-float/no-interrupts/libnrf_cc312_platform_0.9.19.a(cc_pal_mutex.c.obj)
                0x0000000000006cb8                CC_PalMutexCreate
 .text.CC_PalMutexDestroy
                0x0000000000006ccc       0x14 C:/ncs/v3.0.1/nrfxlib/crypto/nrf_cc312_platform/lib/cortex-m33/soft-float/no-interrupts/libnrf_cc312_platform_0.9.19.a(cc_pal_mutex.c.obj)
                0x0000000000006ccc                CC_PalMutexDestroy
 .text.CC_PalPowerSaveModeInit
                0x0000000000006ce0       0x3c C:/ncs/v3.0.1/nrfxlib/crypto/nrf_cc312_platform/lib/cortex-m33/soft-float/no-interrupts/libnrf_cc312_platform_0.9.19.a(cc_pal_pm.c.obj)
                0x0000000000006ce0                CC_PalPowerSaveModeInit
 .text.snprintf
                0x0000000000006d1c       0x58 c:\ncs\toolchains\0b393f9e1b\opt\zephyr-sdk\arm-zephyr-eabi\bin\../lib/gcc/../../picolibc/arm-zephyr-eabi/lib/thumb/v8-m.main/nofp\libc.a(libc_tinystdio_snprintf.c.o)
                0x0000000000006d1c                snprintf
 .text.__l_vfprintf
                0x0000000000006d74      0x4b4 c:\ncs\toolchains\0b393f9e1b\opt\zephyr-sdk\arm-zephyr-eabi\bin\../lib/gcc/../../picolibc/arm-zephyr-eabi/lib/thumb/v8-m.main/nofp\libc.a(libc_tinystdio_vflprintf.c.o)
                0x0000000000006d74                __l_vfprintf
 .text._OffsetAbsSyms
                0x0000000000007228        0x2 zephyr/CMakeFiles/offsets.dir/./arch/arm/core/offsets/offsets.c.obj
                0x0000000000007228                _OffsetAbsSyms
 .text.adc_drv_config
                0x000000000000722a       0x2e app/libapp.a(adc_drv.c.obj)
                0x000000000000722a                adc_drv_config
 .text.chunk_field
                0x0000000000007258       0x16 zephyr/libzephyr.a(heap.c.obj)
 .text.chunk_set
                0x000000000000726e       0x16 zephyr/libzephyr.a(heap.c.obj)
 .text.chunk_size
                0x0000000000007284        0xc zephyr/libzephyr.a(heap.c.obj)
 .text.set_chunk_used
                0x0000000000007290       0x30 zephyr/libzephyr.a(heap.c.obj)
 .text.set_chunk_size
                0x00000000000072c0        0x8 zephyr/libzephyr.a(heap.c.obj)
 .text.bucket_idx.isra.0
                0x00000000000072c8       0x1c zephyr/libzephyr.a(heap.c.obj)
 .text.free_list_add
                0x00000000000072e4       0x84 zephyr/libzephyr.a(heap.c.obj)
 .text.sys_heap_init
                0x0000000000007368       0xb0 zephyr/libzephyr.a(heap.c.obj)
                0x0000000000007368                sys_heap_init
 .text.cbpprintf_external
                0x0000000000007418       0x62 zephyr/libzephyr.a(cbprintf_packaged.c.obj)
                0x0000000000007418                cbpprintf_external
 .text.is_ptr   0x000000000000747a       0x4a zephyr/libzephyr.a(cbprintf_packaged.c.obj)
                0x000000000000747a                is_ptr
 .text.arch_printk_char_out
                0x00000000000074c4        0x4 zephyr/libzephyr.a(printk.c.obj)
                0x00000000000074c4                arch_printk_char_out
 .text.printk   0x00000000000074c8       0x1a zephyr/libzephyr.a(printk.c.obj)
                0x00000000000074c8                printk
 .text.free_space
                0x00000000000074e2       0x26 zephyr/libzephyr.a(mpsc_pbuf.c.obj)
 .text.get_usage
                0x0000000000007508       0x22 zephyr/libzephyr.a(mpsc_pbuf.c.obj)
 .text.idx_inc  0x000000000000752a       0x1c zephyr/libzephyr.a(mpsc_pbuf.c.obj)
 .text.rd_idx_inc
                0x0000000000007546       0x18 zephyr/libzephyr.a(mpsc_pbuf.c.obj)
 .text.add_skip_item
                0x000000000000755e       0x3e zephyr/libzephyr.a(mpsc_pbuf.c.obj)
 .text.drop_item_locked
                0x000000000000759c       0xee zephyr/libzephyr.a(mpsc_pbuf.c.obj)
 .text.post_drop_action
                0x000000000000768a       0x36 zephyr/libzephyr.a(mpsc_pbuf.c.obj)
 .text.max_utilization_update
                0x00000000000076c0       0x1a zephyr/libzephyr.a(mpsc_pbuf.c.obj)
 .text.mpsc_pbuf_init
                0x00000000000076da       0x42 zephyr/libzephyr.a(mpsc_pbuf.c.obj)
                0x00000000000076da                mpsc_pbuf_init
 .text.mpsc_pbuf_alloc
                0x000000000000771c       0xfe zephyr/libzephyr.a(mpsc_pbuf.c.obj)
                0x000000000000771c                mpsc_pbuf_alloc
 .text.mpsc_pbuf_commit
                0x000000000000781a       0x3e zephyr/libzephyr.a(mpsc_pbuf.c.obj)
                0x000000000000781a                mpsc_pbuf_commit
 .text.mpsc_pbuf_claim
                0x0000000000007858       0xa8 zephyr/libzephyr.a(mpsc_pbuf.c.obj)
                0x0000000000007858                mpsc_pbuf_claim
 .text.mpsc_pbuf_free
                0x0000000000007900       0x76 zephyr/libzephyr.a(mpsc_pbuf.c.obj)
                0x0000000000007900                mpsc_pbuf_free
 .text.mpsc_pbuf_is_pending
                0x0000000000007976       0x32 zephyr/libzephyr.a(mpsc_pbuf.c.obj)
                0x0000000000007976                mpsc_pbuf_is_pending
 .text.process_recheck
                0x00000000000079a8       0x38 zephyr/libzephyr.a(onoff.c.obj)
 .text.validate_args
                0x00000000000079e0       0x20 zephyr/libzephyr.a(onoff.c.obj)
 .text.notify_one
                0x0000000000007a00       0x2c zephyr/libzephyr.a(onoff.c.obj)
 .text.transition_complete
                0x0000000000007a2c       0x1a zephyr/libzephyr.a(onoff.c.obj)
 .text.onoff_manager_init
                0x0000000000007a46       0x26 zephyr/libzephyr.a(onoff.c.obj)
                0x0000000000007a46                onoff_manager_init
 .text.onoff_request
                0x0000000000007a6c       0xae zephyr/libzephyr.a(onoff.c.obj)
                0x0000000000007a6c                onoff_request
 .text.sys_notify_validate
                0x0000000000007b1a       0x28 zephyr/libzephyr.a(notify.c.obj)
                0x0000000000007b1a                sys_notify_validate
 .text.sys_notify_finalize
                0x0000000000007b42       0x32 zephyr/libzephyr.a(notify.c.obj)
                0x0000000000007b42                sys_notify_finalize
 .text._ConfigAbsSyms
                0x0000000000007b74        0x2 zephyr/libzephyr.a(configs.c.obj)
                0x0000000000007b74                _ConfigAbsSyms
 .text.log_msg_generic_get_wlen
                0x0000000000007b76       0x20 zephyr/libzephyr.a(log_core.c.obj)
 .text.dummy_timestamp
                0x0000000000007b96        0x4 zephyr/libzephyr.a(log_core.c.obj)
 .text.default_get_timestamp
                0x0000000000007b9a        0x4 zephyr/libzephyr.a(log_core.c.obj)
 .text.atomic_inc
                0x0000000000007b9e       0x12 zephyr/libzephyr.a(log_core.c.obj)
 .text.z_log_vprintk
                0x0000000000007bb0       0x1c zephyr/libzephyr.a(log_core.c.obj)
                0x0000000000007bb0                z_log_vprintk
 .text.z_log_notify_drop
                0x0000000000007bcc        0x6 zephyr/libzephyr.a(log_core.c.obj)
 .text.z_log_get_tag
                0x0000000000007bd2        0x4 zephyr/libzephyr.a(log_core.c.obj)
                0x0000000000007bd2                z_log_get_tag
 .text.z_cbprintf_cpy
                0x0000000000007bd6       0x2c zephyr/libzephyr.a(log_msg.c.obj)
 .text.z_log_msg_finalize
                0x0000000000007c02       0x32 zephyr/libzephyr.a(log_msg.c.obj)
                0x0000000000007c02                z_log_msg_finalize
 .text.z_log_msg_simple_create
                0x0000000000007c34       0x6e zephyr/libzephyr.a(log_msg.c.obj)
 .text.z_impl_z_log_msg_simple_create_0
                0x0000000000007ca2       0x12 zephyr/libzephyr.a(log_msg.c.obj)
                0x0000000000007ca2                z_impl_z_log_msg_simple_create_0
 .text.z_impl_z_log_msg_simple_create_1
                0x0000000000007cb4       0x14 zephyr/libzephyr.a(log_msg.c.obj)
                0x0000000000007cb4                z_impl_z_log_msg_simple_create_1
 .text.z_impl_z_log_msg_simple_create_2
                0x0000000000007cc8       0x18 zephyr/libzephyr.a(log_msg.c.obj)
                0x0000000000007cc8                z_impl_z_log_msg_simple_create_2
 .text.log_output_write
                0x0000000000007ce0       0x1c zephyr/libzephyr.a(log_output.c.obj)
 .text.log_output_flush
                0x0000000000007cfc       0x1a zephyr/libzephyr.a(log_output.c.obj)
 .text.out_func
                0x0000000000007d16       0x2e zephyr/libzephyr.a(log_output.c.obj)
 .text.cr_out_func
                0x0000000000007d44       0x1c zephyr/libzephyr.a(log_output.c.obj)
 .text.log_output_msg_process
                0x0000000000007d60       0x6a zephyr/libzephyr.a(log_output.c.obj)
                0x0000000000007d60                log_output_msg_process
 .text.format_set
                0x0000000000007dca        0xc zephyr/libzephyr.a(log_backend_uart.c.obj)
 .text.log_backend_uart_init
                0x0000000000007dd6        0xc zephyr/libzephyr.a(log_backend_uart.c.obj)
 .text.panic    0x0000000000007de2       0x32 zephyr/libzephyr.a(log_backend_uart.c.obj)
 .text.dropped  0x0000000000007e14        0xa zephyr/libzephyr.a(log_backend_uart.c.obj)
 .text.process  0x0000000000007e1e       0x1e zephyr/libzephyr.a(log_backend_uart.c.obj)
 .text.abort_function
                0x0000000000007e3c        0x2 zephyr/libzephyr.a(nrf_cc3xx_platform_abort_zephyr.c.obj)
 .text.z_do_kernel_oops
                0x0000000000007e3e        0x8 zephyr/arch/arch/arm/core/libarch__arm__core.a(fatal.c.obj)
                0x0000000000007e3e                z_do_kernel_oops
 .text.z_arm_nmi
                0x0000000000007e46        0xe zephyr/arch/arch/arm/core/libarch__arm__core.a(nmi.c.obj)
                0x0000000000007e46                z_arm_nmi
 .text.z_log_msg_simple_create_0.constprop.0
                0x0000000000007e54        0x8 zephyr/arch/arch/arm/core/cortex_m/libarch__arm__core__cortex_m.a(fault.c.obj)
 .text.z_irq_spurious
                0x0000000000007e5c        0x8 zephyr/arch/arch/arm/core/cortex_m/libarch__arm__core__cortex_m.a(irq_manage.c.obj)
                0x0000000000007e5c                z_irq_spurious
 .text.configure_builtin_stack_guard
                0x0000000000007e64        0x8 zephyr/arch/arch/arm/core/cortex_m/libarch__arm__core__cortex_m.a(thread.c.obj)
                0x0000000000007e64                configure_builtin_stack_guard
 .text.arch_irq_unlock_outlined
                0x0000000000007e6c        0xe zephyr/arch/arch/arm/core/cortex_m/libarch__arm__core__cortex_m.a(thread.c.obj)
                0x0000000000007e6c                arch_irq_unlock_outlined
 .text.arch_cpu_idle
                0x0000000000007e7a       0x32 zephyr/arch/arch/arm/core/cortex_m/libarch__arm__core__cortex_m.a(cpu_idle.c.obj)
                0x0000000000007e7a                arch_cpu_idle
 .text.arch_cpu_atomic_idle
                0x0000000000007eac       0x38 zephyr/arch/arch/arm/core/cortex_m/libarch__arm__core__cortex_m.a(cpu_idle.c.obj)
                0x0000000000007eac                arch_cpu_atomic_idle
 .text.arm_cmse_mpu_region_get
                0x0000000000007ee4       0x12 zephyr/arch/arch/arm/core/cortex_m/cmse/libarch__arm__core__cortex_m__cmse.a(arm_core_cmse.c.obj)
                0x0000000000007ee4                arm_cmse_mpu_region_get
 .text.mpu_configure_region
                0x0000000000007ef6       0x32 zephyr/arch/arch/arm/core/mpu/libarch__arm__core__mpu.a(arm_mpu.c.obj)
 .text.cbputc   0x0000000000007f28        0xc zephyr/lib/libc/picolibc/liblib__libc__picolibc.a(cbprintf.c.obj)
 .text.picolibc_put
                0x0000000000007f34        0xa zephyr/lib/libc/picolibc/liblib__libc__picolibc.a(stdio.c.obj)
 .text.onoff_stop
                0x0000000000007f3e       0x10 zephyr/soc/soc/nrf5340/libsoc__nordic.a(nrf53_cpunet_mgmt.c.obj)
 .text.adc_context_on_timer_expired
                0x0000000000007f4e       0x26 zephyr/drivers/adc/libdrivers__adc.a(adc_nrfx_saadc.c.obj)
 .text.get_status
                0x0000000000007f74       0x12 zephyr/drivers/clock_control/libdrivers__clock_control.a(clock_control_nrf.c.obj)
 .text.stop     0x0000000000007f86       0x50 zephyr/drivers/clock_control/libdrivers__clock_control.a(clock_control_nrf.c.obj)
 .text.api_stop
                0x0000000000007fd6        0x6 zephyr/drivers/clock_control/libdrivers__clock_control.a(clock_control_nrf.c.obj)
 .text.async_start
                0x0000000000007fdc       0x5a zephyr/drivers/clock_control/libdrivers__clock_control.a(clock_control_nrf.c.obj)
 .text.api_start
                0x0000000000008036        0xe zephyr/drivers/clock_control/libdrivers__clock_control.a(clock_control_nrf.c.obj)
 .text.onoff_started_callback
                0x0000000000008044       0x12 zephyr/drivers/clock_control/libdrivers__clock_control.a(clock_control_nrf.c.obj)
 .text.hfclkaudio_start
                0x0000000000008056        0x6 zephyr/drivers/clock_control/libdrivers__clock_control.a(clock_control_nrf.c.obj)
 .text.hfclk192m_start
                0x000000000000805c        0x6 zephyr/drivers/clock_control/libdrivers__clock_control.a(clock_control_nrf.c.obj)
 .text.lfclk_start
                0x0000000000008062        0x6 zephyr/drivers/clock_control/libdrivers__clock_control.a(clock_control_nrf.c.obj)
 .text.hfclkaudio_stop
                0x0000000000008068        0x6 zephyr/drivers/clock_control/libdrivers__clock_control.a(clock_control_nrf.c.obj)
 .text.hfclk192m_stop
                0x000000000000806e        0x6 zephyr/drivers/clock_control/libdrivers__clock_control.a(clock_control_nrf.c.obj)
 .text.lfclk_stop
                0x0000000000008074        0x6 zephyr/drivers/clock_control/libdrivers__clock_control.a(clock_control_nrf.c.obj)
 .text.blocking_start_callback
                0x000000000000807a        0x6 zephyr/drivers/clock_control/libdrivers__clock_control.a(clock_control_nrf.c.obj)
 .text.gpio_nrfx_port_get_raw
                0x0000000000008080        0xc zephyr/drivers/gpio/libdrivers__gpio.a(gpio_nrfx.c.obj)
 .text.gpio_nrfx_port_set_masked_raw
                0x000000000000808c       0x14 zephyr/drivers/gpio/libdrivers__gpio.a(gpio_nrfx.c.obj)
 .text.gpio_nrfx_port_set_bits_raw
                0x00000000000080a0        0xa zephyr/drivers/gpio/libdrivers__gpio.a(gpio_nrfx.c.obj)
 .text.gpio_nrfx_port_clear_bits_raw
                0x00000000000080aa        0xa zephyr/drivers/gpio/libdrivers__gpio.a(gpio_nrfx.c.obj)
 .text.gpio_nrfx_port_toggle_bits
                0x00000000000080b4       0x14 zephyr/drivers/gpio/libdrivers__gpio.a(gpio_nrfx.c.obj)
 .text.gpio_nrfx_manage_callback
                0x00000000000080c8       0x52 zephyr/drivers/gpio/libdrivers__gpio.a(gpio_nrfx.c.obj)
 .text.pinctrl_lookup_state
                0x000000000000811a       0x26 zephyr/drivers/pinctrl/libdrivers__pinctrl.a(common.c.obj)
                0x000000000000811a                pinctrl_lookup_state
 .text.uarte_nrfx_err_check
                0x0000000000008140        0xe zephyr/drivers/serial/libdrivers__serial.a(uart_nrfx_uarte.c.obj)
 .text.uarte_nrfx_poll_in
                0x000000000000814e       0x26 zephyr/drivers/serial/libdrivers__serial.a(uart_nrfx_uarte.c.obj)
 .text.is_tx_ready.isra.0
                0x0000000000008174       0x20 zephyr/drivers/serial/libdrivers__serial.a(uart_nrfx_uarte.c.obj)
 .text.uarte_nrfx_isr_int
                0x0000000000008194       0x42 zephyr/drivers/serial/libdrivers__serial.a(uart_nrfx_uarte.c.obj)
 .text.event_clear
                0x00000000000081d6       0x18 zephyr/drivers/timer/libdrivers__timer.a(nrf_rtc_timer.c.obj)
 .text.sys_clock_cycle_get_32
                0x00000000000081ee        0x8 zephyr/drivers/timer/libdrivers__timer.a(nrf_rtc_timer.c.obj)
                0x00000000000081ee                sys_clock_cycle_get_32
 .text.hw_cc3xx_init_internal
                0x00000000000081f6        0x4 modules/nrf/drivers/hw_cc3xx/lib..__nrf__drivers__hw_cc3xx.a(hw_cc3xx.c.obj)
 .text.hw_cc3xx_init
                0x00000000000081fa       0x12 modules/nrf/drivers/hw_cc3xx/lib..__nrf__drivers__hw_cc3xx.a(hw_cc3xx.c.obj)
 .text.nrfx_isr
                0x000000000000820c        0x2 modules/hal_nordic/modules/hal_nordic/nrfx/libmodules__hal_nordic__nrfx.a(nrfx_glue.c.obj)
                0x000000000000820c                nrfx_isr
 .text.nrfx_busy_wait
                0x000000000000820e        0x4 modules/hal_nordic/modules/hal_nordic/nrfx/libmodules__hal_nordic__nrfx.a(nrfx_glue.c.obj)
                0x000000000000820e                nrfx_busy_wait
 .text.nrfx_gppi_event_endpoint_setup
                0x0000000000008212        0xa modules/hal_nordic/modules/hal_nordic/nrfx/libmodules__hal_nordic__nrfx.a(nrfx_gppi_dppi.c.obj)
                0x0000000000008212                nrfx_gppi_event_endpoint_setup
 .text.nrfx_gppi_task_endpoint_setup
                0x000000000000821c        0xa modules/hal_nordic/modules/hal_nordic/nrfx/libmodules__hal_nordic__nrfx.a(nrfx_gppi_dppi.c.obj)
                0x000000000000821c                nrfx_gppi_task_endpoint_setup
 .text.nrfx_gppi_channel_endpoints_setup
                0x0000000000008226        0xe modules/hal_nordic/modules/hal_nordic/nrfx/libmodules__hal_nordic__nrfx.a(nrfx_gppi_dppi.c.obj)
                0x0000000000008226                nrfx_gppi_channel_endpoints_setup
 .text.nrfx_clock_stop
                0x0000000000008234        0x4 modules/hal_nordic/modules/hal_nordic/nrfx/libmodules__hal_nordic__nrfx.a(nrfx_clock.c.obj)
                0x0000000000008234                nrfx_clock_stop
 .text.nrf_gpio_reconfigure
                0x0000000000008238       0x92 modules/hal_nordic/modules/hal_nordic/nrfx/libmodules__hal_nordic__nrfx.a(nrfx_gpiote.c.obj)
 .text.nrf_gpio_cfg_sense_set
                0x00000000000082ca       0x1e modules/hal_nordic/modules/hal_nordic/nrfx/libmodules__hal_nordic__nrfx.a(nrfx_gpiote.c.obj)
 .text.pin_trigger_disable
                0x00000000000082e8       0x48 modules/hal_nordic/modules/hal_nordic/nrfx/libmodules__hal_nordic__nrfx.a(nrfx_gpiote.c.obj)
 .text.nrfx_gpiote_pin_uninit
                0x0000000000008330        0x4 modules/hal_nordic/modules/hal_nordic/nrfx/libmodules__hal_nordic__nrfx.a(nrfx_gpiote.c.obj)
                0x0000000000008330                nrfx_gpiote_pin_uninit
 .text.nrfx_gpiote_trigger_disable
                0x0000000000008334        0x4 modules/hal_nordic/modules/hal_nordic/nrfx/libmodules__hal_nordic__nrfx.a(nrfx_gpiote.c.obj)
                0x0000000000008334                nrfx_gpiote_trigger_disable
 .text.z_impl_k_busy_wait
                0x0000000000008338        0x8 zephyr/kernel/libkernel.a(busy_wait.c.obj)
                0x0000000000008338                z_impl_k_busy_wait
 .text.z_device_state_init
                0x0000000000008340        0x2 zephyr/kernel/libkernel.a(device.c.obj)
                0x0000000000008340                z_device_state_init
 .text.z_impl_device_is_ready
                0x0000000000008342       0x16 zephyr/kernel/libkernel.a(device.c.obj)
                0x0000000000008342                z_impl_device_is_ready
 .text.arch_system_halt
                0x0000000000008358       0x10 zephyr/kernel/libkernel.a(fatal.c.obj)
                0x0000000000008358                arch_system_halt
 .text.do_device_init
                0x0000000000008368       0x30 zephyr/kernel/libkernel.a(init.c.obj)
 .text.z_early_memset
                0x0000000000008398        0x4 zephyr/kernel/libkernel.a(init.c.obj)
                0x0000000000008398                z_early_memset
 .text.z_early_memcpy
                0x000000000000839c        0x4 zephyr/kernel/libkernel.a(init.c.obj)
                0x000000000000839c                z_early_memcpy
 .text.z_init_static
                0x00000000000083a0        0x2 zephyr/kernel/libkernel.a(init_static.c.obj)
                0x00000000000083a0                z_init_static
 .text.create_free_list
                0x00000000000083a2       0x34 zephyr/kernel/libkernel.a(mem_slab.c.obj)
 .text.k_mem_slab_init
                0x00000000000083d6       0x1c zephyr/kernel/libkernel.a(mem_slab.c.obj)
                0x00000000000083d6                k_mem_slab_init
 .text.k_mem_slab_free
                0x00000000000083f2       0x6e zephyr/kernel/libkernel.a(mem_slab.c.obj)
                0x00000000000083f2                k_mem_slab_free
 .text.idle     0x0000000000008460       0x16 zephyr/kernel/libkernel.a(idle.c.obj)
                0x0000000000008460                idle
 .text.adjust_owner_prio.isra.0
                0x0000000000008476       0x10 zephyr/kernel/libkernel.a(mutex.c.obj)
 .text.z_impl_k_mutex_init
                0x0000000000008486        0xe zephyr/kernel/libkernel.a(mutex.c.obj)
                0x0000000000008486                z_impl_k_mutex_init
 .text.z_impl_k_sem_init
                0x0000000000008494       0x20 zephyr/kernel/libkernel.a(sem.c.obj)
                0x0000000000008494                z_impl_k_sem_init
 .text.k_is_in_isr
                0x00000000000084b4        0xc zephyr/kernel/libkernel.a(thread.c.obj)
                0x00000000000084b4                k_is_in_isr
 .text.z_impl_k_thread_name_set
                0x00000000000084c0        0x6 zephyr/kernel/libkernel.a(thread.c.obj)
                0x00000000000084c0                z_impl_k_thread_name_set
 .text.k_thread_name_get
                0x00000000000084c6        0x4 zephyr/kernel/libkernel.a(thread.c.obj)
                0x00000000000084c6                k_thread_name_get
 .text.sys_dlist_remove
                0x00000000000084ca       0x10 zephyr/kernel/libkernel.a(sched.c.obj)
 .text.unpend_thread_no_timeout
                0x00000000000084da       0x14 zephyr/kernel/libkernel.a(sched.c.obj)
 .text.add_to_waitq_locked
                0x00000000000084ee       0x50 zephyr/kernel/libkernel.a(sched.c.obj)
 .text.z_ready_thread
                0x000000000000853e       0x1e zephyr/kernel/libkernel.a(sched.c.obj)
                0x000000000000853e                z_ready_thread
 .text.z_unpend_thread_no_timeout
                0x000000000000855c       0x22 zephyr/kernel/libkernel.a(sched.c.obj)
                0x000000000000855c                z_unpend_thread_no_timeout
 .text.z_sched_wake_thread
                0x000000000000857e       0x3a zephyr/kernel/libkernel.a(sched.c.obj)
                0x000000000000857e                z_sched_wake_thread
 .text.z_thread_timeout
                0x00000000000085b8        0x8 zephyr/kernel/libkernel.a(sched.c.obj)
                0x00000000000085b8                z_thread_timeout
 .text.z_unpend1_no_timeout
                0x00000000000085c0       0x2c zephyr/kernel/libkernel.a(sched.c.obj)
                0x00000000000085c0                z_unpend1_no_timeout
 .text.z_unpend_thread
                0x00000000000085ec       0x10 zephyr/kernel/libkernel.a(sched.c.obj)
                0x00000000000085ec                z_unpend_thread
 .text.z_impl_k_sleep
                0x00000000000085fc       0x32 zephyr/kernel/libkernel.a(sched.c.obj)
                0x00000000000085fc                z_impl_k_sleep
 .text.z_sched_wake
                0x000000000000862e       0x44 zephyr/kernel/libkernel.a(sched.c.obj)
                0x000000000000862e                z_sched_wake
 .text.next_timeout
                0x0000000000008672       0x32 zephyr/kernel/libkernel.a(timeout.c.obj)
 .text.z_abort_timeout
                0x00000000000086a4       0x42 zephyr/kernel/libkernel.a(timeout.c.obj)
                0x00000000000086a4                z_abort_timeout
 .text.sys_clock_tick_get_32
                0x00000000000086e6        0x8 zephyr/kernel/libkernel.a(timeout.c.obj)
                0x00000000000086e6                sys_clock_tick_get_32
 .text.z_impl_k_uptime_ticks
                0x00000000000086ee        0x4 zephyr/kernel/libkernel.a(timeout.c.obj)
                0x00000000000086ee                z_impl_k_uptime_ticks
 .text.k_timer_init
                0x00000000000086f2       0x18 zephyr/kernel/libkernel.a(timer.c.obj)
                0x00000000000086f2                k_timer_init
 .text.z_impl_k_timer_stop
                0x000000000000870a       0x38 zephyr/kernel/libkernel.a(timer.c.obj)
                0x000000000000870a                z_impl_k_timer_stop
 .text.clear_event_registrations
                0x0000000000008742       0x5c zephyr/kernel/libkernel.a(poll.c.obj)
 .text.add_event
                0x000000000000879e       0x54 zephyr/kernel/libkernel.a(poll.c.obj)
 .text.register_events
                0x00000000000087f2       0xce zephyr/kernel/libkernel.a(poll.c.obj)
 .text.signal_poll_event
                0x00000000000088c0       0x8c zephyr/kernel/libkernel.a(poll.c.obj)
 .text.z_handle_obj_poll_events
                0x000000000000894c       0x34 zephyr/kernel/libkernel.a(poll.c.obj)
                0x000000000000894c                z_handle_obj_poll_events
 .text.z_impl_k_poll_signal_init
                0x0000000000008980        0xa zephyr/kernel/libkernel.a(poll.c.obj)
                0x0000000000008980                z_impl_k_poll_signal_init
 .text.z_impl_k_poll_signal_reset
                0x000000000000898a        0x6 zephyr/kernel/libkernel.a(poll.c.obj)
                0x000000000000898a                z_impl_k_poll_signal_reset
 .text.flag_test_and_clear
                0x0000000000008990       0x16 zephyr/kernel/libkernel.a(work.c.obj)
 .text.notify_queue_locked.isra.0
                0x00000000000089a6        0xe zephyr/kernel/libkernel.a(work.c.obj)
 .text.z_work_submit_to_queue
                0x00000000000089b4       0x26 zephyr/kernel/libkernel.a(work.c.obj)
                0x00000000000089b4                z_work_submit_to_queue
 .text.memcpy   0x00000000000089da       0x1a c:\ncs\toolchains\0b393f9e1b\opt\zephyr-sdk\arm-zephyr-eabi\bin\../lib/gcc/../../picolibc/arm-zephyr-eabi/lib/thumb/v8-m.main/nofp\libc.a(memcpy.c.o)
                0x00000000000089da                __aeabi_memcpy
                0x00000000000089da                __aeabi_memcpy4
                0x00000000000089da                __aeabi_memcpy8
                0x00000000000089da                memcpy
 .text.memset   0x00000000000089f4       0x10 c:\ncs\toolchains\0b393f9e1b\opt\zephyr-sdk\arm-zephyr-eabi\bin\../lib/gcc/../../picolibc/arm-zephyr-eabi/lib/thumb/v8-m.main/nofp\libc.a(memset.c.o)
                0x00000000000089f4                memset
 .text.strnlen  0x0000000000008a04       0x18 c:\ncs\toolchains\0b393f9e1b\opt\zephyr-sdk\arm-zephyr-eabi\bin\../lib/gcc/../../picolibc/arm-zephyr-eabi/lib/thumb/v8-m.main/nofp\libc.a(libc_string_strnlen.c.o)
                0x0000000000008a04                strnlen
 .text.__ultoa_invert
                0x0000000000008a1c       0xac c:\ncs\toolchains\0b393f9e1b\opt\zephyr-sdk\arm-zephyr-eabi\bin\../lib/gcc/../../picolibc/arm-zephyr-eabi/lib/thumb/v8-m.main/nofp\libc.a(libc_tinystdio_vflprintf.c.o)
 .text.__file_str_put
                0x0000000000008ac8       0x10 c:\ncs\toolchains\0b393f9e1b\opt\zephyr-sdk\arm-zephyr-eabi\bin\../lib/gcc/../../picolibc/arm-zephyr-eabi/lib/thumb/v8-m.main/nofp\libc.a(libc_tinystdio_filestrput.c.o)
                0x0000000000008ac8                __file_str_put
 *(SORT_BY_ALIGNMENT(.TEXT.*))
 .TEXT.__aeabi_read_tp
                0x0000000000008ad8        0xc zephyr/arch/arch/arm/core/cortex_m/libarch__arm__core__cortex_m.a(__aeabi_read_tp.S.obj)
                0x0000000000008ad8                __aeabi_read_tp
 *(SORT_BY_ALIGNMENT(.gnu.linkonce.t.*))
 *(SORT_BY_ALIGNMENT(.glue_7t))
 .glue_7t       0x0000000000008ae4        0x0 linker stubs
 *(SORT_BY_ALIGNMENT(.glue_7))
 .glue_7        0x0000000000008ae4        0x0 linker stubs
 *(SORT_BY_ALIGNMENT(.vfp11_veneer))
 .vfp11_veneer  0x0000000000008ae4        0x0 linker stubs
 *(SORT_BY_ALIGNMENT(.v4_bx))
 .v4_bx         0x0000000000008ae4        0x0 linker stubs
                0x0000000000008ae4                . = ALIGN (0x4)
                0x0000000000008ae4                __text_region_end = .

.ARM.exidx      0x0000000000008ae4        0x8
                0x0000000000008ae4                __exidx_start = .
 *(SORT_BY_ALIGNMENT(.ARM.exidx*) SORT_BY_ALIGNMENT(gnu.linkonce.armexidx.*))
 .ARM.exidx     0x0000000000008ae4        0x8 c:\ncs\toolchains\0b393f9e1b\opt\zephyr-sdk\arm-zephyr-eabi\bin\../lib/gcc/../../picolibc/arm-zephyr-eabi/lib/thumb/v8-m.main/nofp\libc.a(strlen.S.o)
 .ARM.exidx     0x0000000000008aec        0x0 c:/ncs/toolchains/0b393f9e1b/opt/zephyr-sdk/arm-zephyr-eabi/bin/../lib/gcc/arm-zephyr-eabi/12.2.0/thumb/v8-m.main/nofp\libgcc.a(_udivmoddi4.o)
                                          0x8 (size before relaxing)
                0x0000000000008aec                __exidx_end = .
                0x0000000000008aec                __rodata_region_start = .

initlevel       0x0000000000008aec       0x80
                0x0000000000008aec                __init_start = .
                0x0000000000008aec                __init_EARLY_start = .
 *(SORT_BY_NAME(SORT_BY_ALIGNMENT(.z_init_EARLY?_*)))
 *(SORT_BY_NAME(SORT_BY_ALIGNMENT(.z_init_EARLY??_*)))
                0x0000000000008aec                __init_PRE_KERNEL_1_start = .
 *(SORT_BY_NAME(SORT_BY_ALIGNMENT(.z_init_PRE_KERNEL_1?_*)))
 .z_init_PRE_KERNEL_10_0_
                0x0000000000008aec        0x8 zephyr/soc/soc/nrf5340/libsoc__nordic.a(soc.c.obj)
 .z_init_PRE_KERNEL_10_0_
                0x0000000000008af4        0x8 zephyr/soc/soc/nrf5340/libsoc__nordic.a(nrf53_cpunet_mgmt.c.obj)
 *(SORT_BY_NAME(SORT_BY_ALIGNMENT(.z_init_PRE_KERNEL_1??_*)))
 .z_init_PRE_KERNEL_130_00082_
                0x0000000000008afc        0x8 zephyr/drivers/clock_control/libdrivers__clock_control.a(clock_control_nrf.c.obj)
 .z_init_PRE_KERNEL_130_0_
                0x0000000000008b04        0x8 zephyr/kernel/libkernel.a(mem_slab.c.obj)
 .z_init_PRE_KERNEL_140_00014_
                0x0000000000008b0c        0x8 zephyr/drivers/gpio/libdrivers__gpio.a(gpio_nrfx.c.obj)
 .z_init_PRE_KERNEL_140_00035_
                0x0000000000008b14        0x8 zephyr/drivers/gpio/libdrivers__gpio.a(gpio_nrfx.c.obj)
 .z_init_PRE_KERNEL_140_0_
                0x0000000000008b1c        0x8 modules/nrf/drivers/hw_cc3xx/lib..__nrf__drivers__hw_cc3xx.a(hw_cc3xx.c.obj)
 .z_init_PRE_KERNEL_150_00119_
                0x0000000000008b24        0x8 zephyr/drivers/serial/libdrivers__serial.a(uart_nrfx_uarte.c.obj)
 .z_init_PRE_KERNEL_160_0_
                0x0000000000008b2c        0x8 zephyr/drivers/console/libdrivers__console.a(uart_console.c.obj)
                0x0000000000008b34                __init_PRE_KERNEL_2_start = .
 *(SORT_BY_NAME(SORT_BY_ALIGNMENT(.z_init_PRE_KERNEL_2?_*)))
 .z_init_PRE_KERNEL_20_0_
                0x0000000000008b34        0x8 zephyr/drivers/timer/libdrivers__timer.a(nrf_rtc_timer.c.obj)
 *(SORT_BY_NAME(SORT_BY_ALIGNMENT(.z_init_PRE_KERNEL_2??_*)))
                0x0000000000008b3c                __init_POST_KERNEL_start = .
 *(SORT_BY_NAME(SORT_BY_ALIGNMENT(.z_init_POST_KERNEL?_*)))
 .z_init_POST_KERNEL0_0_
                0x0000000000008b3c        0x8 zephyr/libzephyr.a(log_core.c.obj)
 .z_init_POST_KERNEL0_0_
                0x0000000000008b44        0x8 zephyr/soc/soc/nrf5340/libsoc__nordic.a(soc.c.obj)
 *(SORT_BY_NAME(SORT_BY_ALIGNMENT(.z_init_POST_KERNEL??_*)))
 .z_init_POST_KERNEL35_0_
                0x0000000000008b4c        0x8 zephyr/lib/libc/common/liblib__libc__common.a(malloc.c.obj)
 .z_init_POST_KERNEL40_0_
                0x0000000000008b54        0x8 modules/nrf/drivers/hw_cc3xx/lib..__nrf__drivers__hw_cc3xx.a(hw_cc3xx.c.obj)
 .z_init_POST_KERNEL40_0_
                0x0000000000008b5c        0x8 zephyr/kernel/libkernel.a(system_work_q.c.obj)
 .z_init_POST_KERNEL50_00011_
                0x0000000000008b64        0x8 zephyr/drivers/adc/libdrivers__adc.a(adc_nrfx_saadc.c.obj)
                0x0000000000008b6c                __init_APPLICATION_start = .
 *(SORT_BY_NAME(SORT_BY_ALIGNMENT(.z_init_APPLICATION?_*)))
 *(SORT_BY_NAME(SORT_BY_ALIGNMENT(.z_init_APPLICATION??_*)))
                0x0000000000008b6c                __init_SMP_start = .
 *(SORT_BY_NAME(SORT_BY_ALIGNMENT(.z_init_SMP?_*)))
 *(SORT_BY_NAME(SORT_BY_ALIGNMENT(.z_init_SMP??_*)))
                0x0000000000008b6c                __init_end = .
                0x0000000000008b6c                __deferred_init_list_start = .
 *(SORT_BY_ALIGNMENT(.z_deferred_init*))
                0x0000000000008b6c                __deferred_init_list_end = .

device_area     0x0000000000008b6c       0x64
                0x0000000000008b6c                _device_list_start = .
 *(SORT_BY_NAME(SORT_BY_ALIGNMENT(._device.static.*_?_*)))
 *(SORT_BY_NAME(SORT_BY_ALIGNMENT(._device.static.*_??_*)))
 ._device.static.1_30_
                0x0000000000008b6c       0x14 zephyr/drivers/clock_control/libdrivers__clock_control.a(clock_control_nrf.c.obj)
                0x0000000000008b6c                __device_dts_ord_82
 ._device.static.1_40_
                0x0000000000008b80       0x28 zephyr/drivers/gpio/libdrivers__gpio.a(gpio_nrfx.c.obj)
                0x0000000000008b80                __device_dts_ord_35
                0x0000000000008b94                __device_dts_ord_14
 ._device.static.1_50_
                0x0000000000008ba8       0x14 zephyr/drivers/serial/libdrivers__serial.a(uart_nrfx_uarte.c.obj)
                0x0000000000008ba8                __device_dts_ord_119
 ._device.static.3_50_
                0x0000000000008bbc       0x14 zephyr/drivers/adc/libdrivers__adc.a(adc_nrfx_saadc.c.obj)
                0x0000000000008bbc                __device_dts_ord_11
                0x0000000000008bd0                _device_list_end = .

sw_isr_table    0x0000000000008bd0      0x228
                0x0000000000008bd0                . = ALIGN (0x4)
 *(SORT_BY_ALIGNMENT(.gnu.linkonce.sw_isr_table*))
 .gnu.linkonce.sw_isr_table
                0x0000000000008bd0      0x228 zephyr/arch/common/libisr_tables.a(isr_tables.c.obj)
                0x0000000000008bd0                _sw_isr_table

initlevel_error
                0x0000000000008aec        0x0
 *(SORT_BY_NAME(SORT_BY_ALIGNMENT(.z_init_[_A-Z0-9]*)))
                0x0000000000000001                ASSERT ((SIZEOF (initlevel_error) == 0x0), Undefined initialization levels used.)

app_shmem_regions
                0x0000000000008df8        0x0
                0x0000000000008df8                __app_shmem_regions_start = .
 *(SORT_BY_NAME(SORT_BY_ALIGNMENT(.app_regions.*)))
                0x0000000000008df8                __app_shmem_regions_end = .

k_p4wq_initparam_area
                0x0000000000008df8        0x0
                0x0000000000008df8                _k_p4wq_initparam_list_start = .
 *(SORT_BY_NAME(SORT_BY_ALIGNMENT(._k_p4wq_initparam.static.*)))
                0x0000000000008df8                _k_p4wq_initparam_list_end = .

_static_thread_data_area
                0x0000000000008df8        0x0
                0x0000000000008df8                __static_thread_data_list_start = .
 *(SORT_BY_NAME(SORT_BY_ALIGNMENT(.__static_thread_data.static.*)))
                0x0000000000008df8                __static_thread_data_list_end = .

device_deps     0x0000000000008df8        0x0
                0x0000000000008df8                __device_deps_start = .
 *(SORT_BY_NAME(SORT_BY_ALIGNMENT(.__device_deps_pass2*)))
                0x0000000000008df8                __device_deps_end = .

adc_driver_api_area
                0x0000000000008df8       0x10
                0x0000000000008df8                _adc_driver_api_list_start = .
 *(SORT_BY_NAME(SORT_BY_ALIGNMENT(._adc_driver_api.static.*)))
 ._adc_driver_api.static.adc_nrfx_driver_api_
                0x0000000000008df8       0x10 zephyr/drivers/adc/libdrivers__adc.a(adc_nrfx_saadc.c.obj)
                0x0000000000008e08                _adc_driver_api_list_end = .

gpio_driver_api_area
                0x0000000000008e08       0x24
                0x0000000000008e08                _gpio_driver_api_list_start = .
 *(SORT_BY_NAME(SORT_BY_ALIGNMENT(._gpio_driver_api.static.*)))
 ._gpio_driver_api.static.gpio_nrfx_drv_api_funcs_
                0x0000000000008e08       0x24 zephyr/drivers/gpio/libdrivers__gpio.a(gpio_nrfx.c.obj)
                0x0000000000008e2c                _gpio_driver_api_list_end = .

shared_irq_driver_api_area
                0x0000000000008e2c        0x0
                0x0000000000008e2c                _shared_irq_driver_api_list_start = .
 *(SORT_BY_NAME(SORT_BY_ALIGNMENT(._shared_irq_driver_api.static.*)))
                0x0000000000008e2c                _shared_irq_driver_api_list_end = .

crypto_driver_api_area
                0x0000000000008e2c        0x0
                0x0000000000008e2c                _crypto_driver_api_list_start = .
 *(SORT_BY_NAME(SORT_BY_ALIGNMENT(._crypto_driver_api.static.*)))
                0x0000000000008e2c                _crypto_driver_api_list_end = .

auxdisplay_driver_api_area
                0x0000000000008e2c        0x0
                0x0000000000008e2c                _auxdisplay_driver_api_list_start = .
 *(SORT_BY_NAME(SORT_BY_ALIGNMENT(._auxdisplay_driver_api.static.*)))
                0x0000000000008e2c                _auxdisplay_driver_api_list_end = .

bbram_driver_api_area
                0x0000000000008e2c        0x0
                0x0000000000008e2c                _bbram_driver_api_list_start = .
 *(SORT_BY_NAME(SORT_BY_ALIGNMENT(._bbram_driver_api.static.*)))
                0x0000000000008e2c                _bbram_driver_api_list_end = .

bt_hci_driver_api_area
                0x0000000000008e2c        0x0
                0x0000000000008e2c                _bt_hci_driver_api_list_start = .
 *(SORT_BY_NAME(SORT_BY_ALIGNMENT(._bt_hci_driver_api.static.*)))
                0x0000000000008e2c                _bt_hci_driver_api_list_end = .

can_driver_api_area
                0x0000000000008e2c        0x0
                0x0000000000008e2c                _can_driver_api_list_start = .
 *(SORT_BY_NAME(SORT_BY_ALIGNMENT(._can_driver_api.static.*)))
                0x0000000000008e2c                _can_driver_api_list_end = .

cellular_driver_api_area
                0x0000000000008e2c        0x0
                0x0000000000008e2c                _cellular_driver_api_list_start = .
 *(SORT_BY_NAME(SORT_BY_ALIGNMENT(._cellular_driver_api.static.*)))
                0x0000000000008e2c                _cellular_driver_api_list_end = .

charger_driver_api_area
                0x0000000000008e2c        0x0
                0x0000000000008e2c                _charger_driver_api_list_start = .
 *(SORT_BY_NAME(SORT_BY_ALIGNMENT(._charger_driver_api.static.*)))
                0x0000000000008e2c                _charger_driver_api_list_end = .

clock_control_driver_api_area
                0x0000000000008e2c       0x1c
                0x0000000000008e2c                _clock_control_driver_api_list_start = .
 *(SORT_BY_NAME(SORT_BY_ALIGNMENT(._clock_control_driver_api.static.*)))
 ._clock_control_driver_api.static.clock_control_api_
                0x0000000000008e2c       0x1c zephyr/drivers/clock_control/libdrivers__clock_control.a(clock_control_nrf.c.obj)
                0x0000000000008e48                _clock_control_driver_api_list_end = .

comparator_driver_api_area
                0x0000000000008e48        0x0
                0x0000000000008e48                _comparator_driver_api_list_start = .
 *(SORT_BY_NAME(SORT_BY_ALIGNMENT(._comparator_driver_api.static.*)))
                0x0000000000008e48                _comparator_driver_api_list_end = .

coredump_driver_api_area
                0x0000000000008e48        0x0
                0x0000000000008e48                _coredump_driver_api_list_start = .
 *(SORT_BY_NAME(SORT_BY_ALIGNMENT(._coredump_driver_api.static.*)))
                0x0000000000008e48                _coredump_driver_api_list_end = .

counter_driver_api_area
                0x0000000000008e48        0x0
                0x0000000000008e48                _counter_driver_api_list_start = .
 *(SORT_BY_NAME(SORT_BY_ALIGNMENT(._counter_driver_api.static.*)))
                0x0000000000008e48                _counter_driver_api_list_end = .

dac_driver_api_area
                0x0000000000008e48        0x0
                0x0000000000008e48                _dac_driver_api_list_start = .
 *(SORT_BY_NAME(SORT_BY_ALIGNMENT(._dac_driver_api.static.*)))
                0x0000000000008e48                _dac_driver_api_list_end = .

dai_driver_api_area
                0x0000000000008e48        0x0
                0x0000000000008e48                _dai_driver_api_list_start = .
 *(SORT_BY_NAME(SORT_BY_ALIGNMENT(._dai_driver_api.static.*)))
                0x0000000000008e48                _dai_driver_api_list_end = .

display_driver_api_area
                0x0000000000008e48        0x0
                0x0000000000008e48                _display_driver_api_list_start = .
 *(SORT_BY_NAME(SORT_BY_ALIGNMENT(._display_driver_api.static.*)))
                0x0000000000008e48                _display_driver_api_list_end = .

dma_driver_api_area
                0x0000000000008e48        0x0
                0x0000000000008e48                _dma_driver_api_list_start = .
 *(SORT_BY_NAME(SORT_BY_ALIGNMENT(._dma_driver_api.static.*)))
                0x0000000000008e48                _dma_driver_api_list_end = .

edac_driver_api_area
                0x0000000000008e48        0x0
                0x0000000000008e48                _edac_driver_api_list_start = .
 *(SORT_BY_NAME(SORT_BY_ALIGNMENT(._edac_driver_api.static.*)))
                0x0000000000008e48                _edac_driver_api_list_end = .

eeprom_driver_api_area
                0x0000000000008e48        0x0
                0x0000000000008e48                _eeprom_driver_api_list_start = .
 *(SORT_BY_NAME(SORT_BY_ALIGNMENT(._eeprom_driver_api.static.*)))
                0x0000000000008e48                _eeprom_driver_api_list_end = .

emul_bbram_driver_api_area
                0x0000000000008e48        0x0
                0x0000000000008e48                _emul_bbram_driver_api_list_start = .
 *(SORT_BY_NAME(SORT_BY_ALIGNMENT(._emul_bbram_driver_api.static.*)))
                0x0000000000008e48                _emul_bbram_driver_api_list_end = .

fuel_gauge_emul_driver_api_area
                0x0000000000008e48        0x0
                0x0000000000008e48                _fuel_gauge_emul_driver_api_list_start = .
 *(SORT_BY_NAME(SORT_BY_ALIGNMENT(._fuel_gauge_emul_driver_api.static.*)))
                0x0000000000008e48                _fuel_gauge_emul_driver_api_list_end = .

emul_sensor_driver_api_area
                0x0000000000008e48        0x0
                0x0000000000008e48                _emul_sensor_driver_api_list_start = .
 *(SORT_BY_NAME(SORT_BY_ALIGNMENT(._emul_sensor_driver_api.static.*)))
                0x0000000000008e48                _emul_sensor_driver_api_list_end = .

entropy_driver_api_area
                0x0000000000008e48        0x0
                0x0000000000008e48                _entropy_driver_api_list_start = .
 *(SORT_BY_NAME(SORT_BY_ALIGNMENT(._entropy_driver_api.static.*)))
                0x0000000000008e48                _entropy_driver_api_list_end = .

espi_driver_api_area
                0x0000000000008e48        0x0
                0x0000000000008e48                _espi_driver_api_list_start = .
 *(SORT_BY_NAME(SORT_BY_ALIGNMENT(._espi_driver_api.static.*)))
                0x0000000000008e48                _espi_driver_api_list_end = .

espi_saf_driver_api_area
                0x0000000000008e48        0x0
                0x0000000000008e48                _espi_saf_driver_api_list_start = .
 *(SORT_BY_NAME(SORT_BY_ALIGNMENT(._espi_saf_driver_api.static.*)))
                0x0000000000008e48                _espi_saf_driver_api_list_end = .

flash_driver_api_area
                0x0000000000008e48        0x0
                0x0000000000008e48                _flash_driver_api_list_start = .
 *(SORT_BY_NAME(SORT_BY_ALIGNMENT(._flash_driver_api.static.*)))
                0x0000000000008e48                _flash_driver_api_list_end = .

fpga_driver_api_area
                0x0000000000008e48        0x0
                0x0000000000008e48                _fpga_driver_api_list_start = .
 *(SORT_BY_NAME(SORT_BY_ALIGNMENT(._fpga_driver_api.static.*)))
                0x0000000000008e48                _fpga_driver_api_list_end = .

fuel_gauge_driver_api_area
                0x0000000000008e48        0x0
                0x0000000000008e48                _fuel_gauge_driver_api_list_start = .
 *(SORT_BY_NAME(SORT_BY_ALIGNMENT(._fuel_gauge_driver_api.static.*)))
                0x0000000000008e48                _fuel_gauge_driver_api_list_end = .

gnss_driver_api_area
                0x0000000000008e48        0x0
                0x0000000000008e48                _gnss_driver_api_list_start = .
 *(SORT_BY_NAME(SORT_BY_ALIGNMENT(._gnss_driver_api.static.*)))
                0x0000000000008e48                _gnss_driver_api_list_end = .

haptics_driver_api_area
                0x0000000000008e48        0x0
                0x0000000000008e48                _haptics_driver_api_list_start = .
 *(SORT_BY_NAME(SORT_BY_ALIGNMENT(._haptics_driver_api.static.*)))
                0x0000000000008e48                _haptics_driver_api_list_end = .

hwspinlock_driver_api_area
                0x0000000000008e48        0x0
                0x0000000000008e48                _hwspinlock_driver_api_list_start = .
 *(SORT_BY_NAME(SORT_BY_ALIGNMENT(._hwspinlock_driver_api.static.*)))
                0x0000000000008e48                _hwspinlock_driver_api_list_end = .

i2c_driver_api_area
                0x0000000000008e48        0x0
                0x0000000000008e48                _i2c_driver_api_list_start = .
 *(SORT_BY_NAME(SORT_BY_ALIGNMENT(._i2c_driver_api.static.*)))
                0x0000000000008e48                _i2c_driver_api_list_end = .

i2c_target_driver_api_area
                0x0000000000008e48        0x0
                0x0000000000008e48                _i2c_target_driver_api_list_start = .